Component: ARM Compiler 5.06 update 6 (build 750) Tool: armlink [4d35ed]

==============================================================================

Section Cross References

    startup_stm32f103xb.o(STACK) refers (Special) to heapauxi.o(.text) for __use_two_region_memory
    startup_stm32f103xb.o(HEAP) refers (Special) to heapauxi.o(.text) for __use_two_region_memory
    startup_stm32f103xb.o(RESET) refers (Special) to heapauxi.o(.text) for __use_two_region_memory
    startup_stm32f103xb.o(RESET) refers to startup_stm32f103xb.o(STACK) for __initial_sp
    startup_stm32f103xb.o(RESET) refers to startup_stm32f103xb.o(.text) for Reset_Handler
    startup_stm32f103xb.o(RESET) refers to stm32f1xx_it.o(i.NMI_Handler) for NMI_Handler
    startup_stm32f103xb.o(RESET) refers to stm32f1xx_it.o(i.HardFault_Handler) for HardFault_Handler
    startup_stm32f103xb.o(RESET) refers to stm32f1xx_it.o(i.MemManage_Handler) for MemManage_Handler
    startup_stm32f103xb.o(RESET) refers to stm32f1xx_it.o(i.BusFault_Handler) for BusFault_Handler
    startup_stm32f103xb.o(RESET) refers to stm32f1xx_it.o(i.UsageFault_Handler) for UsageFault_Handler
    startup_stm32f103xb.o(RESET) refers to port.o(.emb_text) for SVC_Handler
    startup_stm32f103xb.o(RESET) refers to stm32f1xx_it.o(i.DebugMon_Handler) for DebugMon_Handler
    startup_stm32f103xb.o(RESET) refers to cmsis_os2.o(i.SysTick_Handler) for SysTick_Handler
    startup_stm32f103xb.o(RESET) refers to stm32f1xx_it.o(i.DMA1_Channel2_IRQHandler) for DMA1_Channel2_IRQHandler
    startup_stm32f103xb.o(RESET) refers to stm32f1xx_it.o(i.DMA1_Channel3_IRQHandler) for DMA1_Channel3_IRQHandler
    startup_stm32f103xb.o(RESET) refers to stm32f1xx_it.o(i.DMA1_Channel4_IRQHandler) for DMA1_Channel4_IRQHandler
    startup_stm32f103xb.o(RESET) refers to stm32f1xx_it.o(i.DMA1_Channel6_IRQHandler) for DMA1_Channel6_IRQHandler
    startup_stm32f103xb.o(RESET) refers to stm32f1xx_it.o(i.DMA1_Channel7_IRQHandler) for DMA1_Channel7_IRQHandler
    startup_stm32f103xb.o(RESET) refers to stm32f1xx_it.o(i.TIM2_IRQHandler) for TIM2_IRQHandler
    startup_stm32f103xb.o(RESET) refers to stm32f1xx_it.o(i.TIM3_IRQHandler) for TIM3_IRQHandler
    startup_stm32f103xb.o(RESET) refers to stm32f1xx_it.o(i.USART1_IRQHandler) for USART1_IRQHandler
    startup_stm32f103xb.o(RESET) refers to stm32f1xx_it.o(i.USART2_IRQHandler) for USART2_IRQHandler
    startup_stm32f103xb.o(RESET) refers to stm32f1xx_it.o(i.USART3_IRQHandler) for USART3_IRQHandler
    startup_stm32f103xb.o(.text) refers (Special) to heapauxi.o(.text) for __use_two_region_memory
    startup_stm32f103xb.o(.text) refers to system_stm32f1xx.o(i.SystemInit) for SystemInit
    startup_stm32f103xb.o(.text) refers to __main.o(!!!main) for __main
    startup_stm32f103xb.o(.text) refers to startup_stm32f103xb.o(HEAP) for Heap_Mem
    startup_stm32f103xb.o(.text) refers to startup_stm32f103xb.o(STACK) for Stack_Mem
    main.o(i.HAL_TIM_PeriodElapsedCallback) refers to stm32f1xx_hal.o(i.HAL_IncTick) for HAL_IncTick
    main.o(i.SystemClock_Config) refers to rt_memclr_w.o(.text) for __aeabi_memclr4
    main.o(i.SystemClock_Config) refers to stm32f1xx_hal_rcc.o(i.HAL_RCC_OscConfig) for HAL_RCC_OscConfig
    main.o(i.SystemClock_Config) refers to stm32f1xx_hal_rcc.o(i.HAL_RCC_ClockConfig) for HAL_RCC_ClockConfig
    main.o(i.main) refers to stm32f1xx_hal.o(i.HAL_Init) for HAL_Init
    main.o(i.main) refers to main.o(i.SystemClock_Config) for SystemClock_Config
    main.o(i.main) refers to gpio.o(i.MX_GPIO_Init) for MX_GPIO_Init
    main.o(i.main) refers to dma.o(i.MX_DMA_Init) for MX_DMA_Init
    main.o(i.main) refers to usart.o(i.MX_USART1_UART_Init) for MX_USART1_UART_Init
    main.o(i.main) refers to usart.o(i.MX_USART2_UART_Init) for MX_USART2_UART_Init
    main.o(i.main) refers to usart.o(i.MX_USART3_UART_Init) for MX_USART3_UART_Init
    main.o(i.main) refers to tim.o(i.MX_TIM3_Init) for MX_TIM3_Init
    main.o(i.main) refers to tim.o(i.MX_TIM4_Init) for MX_TIM4_Init
    main.o(i.main) refers to tim.o(i.MX_TIM1_Init) for MX_TIM1_Init
    main.o(i.main) refers to cmsis_os2.o(i.osKernelInitialize) for osKernelInitialize
    main.o(i.main) refers to freertos.o(i.MX_FREERTOS_Init) for MX_FREERTOS_Init
    main.o(i.main) refers to cmsis_os2.o(i.osKernelStart) for osKernelStart
    gpio.o(i.MX_GPIO_Init) refers to stm32f1xx_hal_gpio.o(i.HAL_GPIO_WritePin) for HAL_GPIO_WritePin
    gpio.o(i.MX_GPIO_Init) refers to stm32f1xx_hal_gpio.o(i.HAL_GPIO_Init) for HAL_GPIO_Init
    freertos.o(i.BaseComm_Task) refers to uart_comm.o(i.UART_Comm_TaskProcess) for UART_Comm_TaskProcess
    freertos.o(i.BaseComm_Task) refers to cmsis_os2.o(i.osDelay) for osDelay
    freertos.o(i.BaseLog_Task) refers to log.o(i.Logging_TaskProcess) for Logging_TaskProcess
    freertos.o(i.BaseLog_Task) refers to cmsis_os2.o(i.osDelay) for osDelay
    freertos.o(i.BaseMotor_Task) refers to motor_control.o(i.Motor_TaskProcess) for Motor_TaskProcess
[...]
    __rt_lib_shutdown_signal_1               0x08000213   Thumb Code     0  libshutdown2.o(.ARM.Collect$$libshutdown$$0000000A)
    __rt_lib_shutdown_stdio_1                0x08000213   Thumb Code     0  libshutdown2.o(.ARM.Collect$$libshutdown$$00000004)
    __rt_lib_shutdown_user_alloc_1           0x08000213   Thumb Code     0  libshutdown2.o(.ARM.Collect$$libshutdown$$0000000C)
    __rt_entry                               0x08000215   Thumb Code     0  __rtentry.o(.ARM.Collect$$rtentry$$00000000)
    __rt_entry_presh_1                       0x08000215   Thumb Code     0  __rtentry2.o(.ARM.Collect$$rtentry$$00000002)
    __rt_entry_sh                            0x08000215   Thumb Code     0  __rtentry4.o(.ARM.Collect$$rtentry$$00000004)
    __rt_entry_li                            0x0800021b   Thumb Code     0  __rtentry2.o(.ARM.Collect$$rtentry$$0000000A)
    __rt_entry_postsh_1                      0x0800021b   Thumb Code     0  __rtentry2.o(.ARM.Collect$$rtentry$$00000009)
    __rt_entry_main                          0x0800021f   Thumb Code     0  __rtentry2.o(.ARM.Collect$$rtentry$$0000000D)
    __rt_entry_postli_1                      0x0800021f   Thumb Code     0  __rtentry2.o(.ARM.Collect$$rtentry$$0000000C)
    __rt_exit                                0x08000227   Thumb Code     0  rtexit.o(.ARM.Collect$$rtexit$$00000000)
    __rt_exit_ls                             0x08000229   Thumb Code     0  rtexit2.o(.ARM.Collect$$rtexit$$00000003)
    __rt_exit_prels_1                        0x08000229   Thumb Code     0  rtexit2.o(.ARM.Collect$$rtexit$$00000002)
    __rt_exit_exit                           0x0800022d   Thumb Code     0  rtexit2.o(.ARM.Collect$$rtexit$$00000004)
    SVC_Handler                              0x08000235   Thumb Code    32  port.o(.emb_text)
    __asm___6_port_c_39a90d8d__prvStartFirstTask 0x08000259   Thumb Code    28  port.o(.emb_text)
    PendSV_Handler                           0x08000279   Thumb Code    72  port.o(.emb_text)
    vPortGetIPSR                             0x080002c5   Thumb Code     6  port.o(.emb_text)
    Reset_Handler                            0x080002cd   Thumb Code     8  startup_stm32f103xb.o(.text)
    ADC1_2_IRQHandler                        0x080002e7   Thumb Code     0  startup_stm32f103xb.o(.text)
    CAN1_RX1_IRQHandler                      0x080002e7   Thumb Code     0  startup_stm32f103xb.o(.text)
    CAN1_SCE_IRQHandler                      0x080002e7   Thumb Code     0  startup_stm32f103xb.o(.text)
    DMA1_Channel1_IRQHandler                 0x080002e7   Thumb Code     0  startup_stm32f103xb.o(.text)
    DMA1_Channel5_IRQHandler                 0x080002e7   Thumb Code     0  startup_stm32f103xb.o(.text)
    EXTI0_IRQHandler                         0x080002e7   Thumb Code     0  startup_stm32f103xb.o(.text)
    EXTI15_10_IRQHandler                     0x080002e7   Thumb Code     0  startup_stm32f103xb.o(.text)
    EXTI1_IRQHandler                         0x080002e7   Thumb Code     0  startup_stm32f103xb.o(.text)
    EXTI2_IRQHandler                         0x080002e7   Thumb Code     0  startup_stm32f103xb.o(.text)
    EXTI3_IRQHandler                         0x080002e7   Thumb Code     0  startup_stm32f103xb.o(.text)
    EXTI4_IRQHandler                         0x080002e7   Thumb Code     0  startup_stm32f103xb.o(.text)
    EXTI9_5_IRQHandler                       0x080002e7   Thumb Code     0  startup_stm32f103xb.o(.text)
    FLASH_IRQHandler                         0x080002e7   Thumb Code     0  startup_stm32f103xb.o(.text)
    I2C1_ER_IRQHandler                       0x080002e7   Thumb Code     0  startup_stm32f103xb.o(.text)
    I2C1_EV_IRQHandler                       0x080002e7   Thumb Code     0  startup_stm32f103xb.o(.text)
    I2C2_ER_IRQHandler                       0x080002e7   Thumb Code     0  startup_stm32f103xb.o(.text)
    I2C2_EV_IRQHandler                       0x080002e7   Thumb Code     0  startup_stm32f103xb.o(.text)
    PVD_IRQHandler                           0x080002e7   Thumb Code     0  startup_stm32f103xb.o(.text)
    RCC_IRQHandler                           0x080002e7   Thumb Code     0  startup_stm32f103xb.o(.text)
    RTC_Alarm_IRQHandler                     0x080002e7   Thumb Code     0  startup_stm32f103xb.o(.text)
    RTC_IRQHandler                           0x080002e7   Thumb Code     0  startup_stm32f103xb.o(.text)
    SPI1_IRQHandler                          0x080002e7   Thumb Code     0  startup_stm32f103xb.o(.text)
    SPI2_IRQHandler                          0x080002e7   Thumb Code     0  startup_stm32f103xb.o(.text)
    TAMPER_IRQHandler                        0x080002e7   Thumb Code     0  startup_stm32f103xb.o(.text)
    TIM1_BRK_IRQHandler                      0x080002e7   Thumb Code     0  startup_stm32f103xb.o(.text)
    TIM1_CC_IRQHandler                       0x080002e7   Thumb Code     0  startup_stm32f103xb.o(.text)
    TIM1_TRG_COM_IRQHandler                  0x080002e7   Thumb Code     0  startup_stm32f103xb.o(.text)
    TIM1_UP_IRQHandler                       0x080002e7   Thumb Code     0  startup_stm32f103xb.o(.text)
    TIM4_IRQHandler                          0x080002e7   Thumb Code     0  startup_stm32f103xb.o(.text)
    USBWakeUp_IRQHandler                     0x080002e7   Thumb Code     0  startup_stm32f103xb.o(.text)
    USB_HP_CAN1_TX_IRQHandler                0x080002e7   Thumb Code     0  startup_stm32f103xb.o(.text)
    USB_LP_CAN1_RX0_IRQHandler               0x080002e7   Thumb Code     0  startup_stm32f103xb.o(.text)
    WWDG_IRQHandler                          0x080002e7   Thumb Code     0  startup_stm32f103xb.o(.text)
    __user_initial_stackheap                 0x080002e9   Thumb Code     0  startup_stm32f103xb.o(.text)
    __use_no_semihosting                     0x0800030d   Thumb Code     2  use_no_semi_2.o(.text)
    vsnprintf                                0x08000311   Thumb Code    48  vsnprintf.o(.text)
    strlen                                   0x08000345   Thumb Code    62  strlen.o(.text)
    __aeabi_memcpy                           0x08000383   Thumb Code     0  rt_memcpy_v6.o(.text)
    __rt_memcpy                              0x08000383   Thumb Code   138  rt_memcpy_v6.o(.text)
    _memcpy_lastbytes                        0x080003e9   Thumb Code     0  rt_memcpy_v6.o(.text)
    __aeabi_memset                           0x0800040d   Thumb Code    16  aeabi_memset.o(.text)
    __aeabi_memclr                           0x0800041d   Thumb Code     0  rt_memclr.o(.text)
    __rt_memclr                              0x0800041d   Thumb Code    68  rt_memclr.o(.text)
    _memset                                  0x08000421   Thumb Code     0  rt_memclr.o(.text)
    __aeabi_memclr4                          0x08000461   Thumb Code     0  rt_memclr_w.o(.text)
    __aeabi_memclr8                          0x08000461   Thumb Code     0  rt_memclr_w.o(.text)
    __rt_memclr_w                            0x08000461   Thumb Code    78  rt_memclr_w.o(.text)
    _memset_w                                0x08000465   Thumb Code     0  rt_memclr_w.o(.text)
    __use_two_region_memory                  0x080004af   Thumb Code     2  heapauxi.o(.text)
    __rt_heap_escrow$2region                 0x080004b1   Thumb Code     2  heapauxi.o(.text)
    __rt_heap_expand$2region                 0x080004b3   Thumb Code     2  heapauxi.o(.text)
    __I$use$semihosting                      0x080004b5   Thumb Code     0  use_no_semi.o(.text)
    __use_no_semihosting_swi                 0x080004b5   Thumb Code     2  use_no_semi.o(.text)
    _printf_pre_padding                      0x080004b7   Thumb Code    44  _printf_pad.o(.text)
    _printf_post_padding                     0x080004e3   Thumb Code    34  _printf_pad.o(.text)
    _printf_truncate_signed                  0x08000505   Thumb Code    18  _printf_truncate.o(.text)
    _printf_truncate_unsigned                0x08000517   Thumb Code    18  _printf_truncate.o(.text)
    _printf_str                              0x08000529   Thumb Code    82  _printf_str.o(.text)
    _printf_int_dec                          0x0800057d   Thumb Code   104  _printf_dec.o(.text)
    _printf_charcount                        0x080005f5   Thumb Code    40  _printf_charcount.o(.text)
    _printf_char_common                      0x08000627   Thumb Code    32  _printf_char_common.o(.text)
    _sputc                                   0x0800064d   Thumb Code    10  _sputc.o(.text)
    _snputc                                  0x08000657   Thumb Code    16  _snputc.o(.text)
    _printf_wctomb                           0x08000669   Thumb Code   182  _printf_wctomb.o(.text)
    _printf_longlong_dec                     0x08000725   Thumb Code   108  _printf_longlong_dec.o(.text)
    _printf_longlong_oct                     0x080007a1   Thumb Code    66  _printf_oct_int_ll.o(.text)
    _printf_int_oct                          0x080007e3   Thumb Code    24  _printf_oct_int_ll.o(.text)
    _printf_ll_oct                           0x080007fb   Thumb Code    12  _printf_oct_int_ll.o(.text)
    _printf_longlong_hex                     0x08000811   Thumb Code    86  _printf_hex_int_ll_ptr.o(.text)
    _printf_int_hex                          0x08000867   Thumb Code    28  _printf_hex_int_ll_ptr.o(.text)
    _printf_ll_hex                           0x08000883   Thumb Code    12  _printf_hex_int_ll_ptr.o(.text)
    _printf_hex_ptr                          0x0800088f   Thumb Code    18  _printf_hex_int_ll_ptr.o(.text)
    __printf                                 0x080008a5   Thumb Code   388  __printf_flags_ss_wp.o(.text)
    __aeabi_memcpy4                          0x08000a2d   Thumb Code     0  rt_memcpy_w.o(.text)
    __aeabi_memcpy8                          0x08000a2d   Thumb Code     0  rt_memcpy_w.o(.text)
    __rt_memcpy_w                            0x08000a2d   Thumb Code   100  rt_memcpy_w.o(.text)
    _memcpy_lastbytes_aligned                0x08000a75   Thumb Code     0  rt_memcpy_w.o(.text)
    _ll_udiv10                               0x08000a91   Thumb Code   138  lludiv10.o(.text)
    _printf_int_common                       0x08000b1b   Thumb Code   178  _printf_intcommon.o(.text)
    __lib_sel_fp_printf                      0x08000bcd   Thumb Code     2  _printf_fp_dec.o(.text)
    _printf_fp_dec_real                      0x08000d7f   Thumb Code   620  _printf_fp_dec.o(.text)
    _printf_fp_hex_real                      0x08000fed   Thumb Code   756  _printf_fp_hex.o(.text)
    _printf_cs_common                        0x080012e9   Thumb Code    20  _printf_char.o(.text)
    _printf_char                             0x080012fd   Thumb Code    16  _printf_char.o(.text)
    _printf_string                           0x0800130d   Thumb Code     8  _printf_char.o(.text)
    _printf_lcs_common                       0x08001315   Thumb Code    20  _printf_wchar.o(.text)
    _printf_wchar                            0x08001329   Thumb Code    16  _printf_wchar.o(.text)
    _printf_wstring                          0x08001339   Thumb Code     8  _printf_wchar.o(.text)
    _wcrtomb                                 0x08001341   Thumb Code    64  _wcrtomb.o(.text)
    __user_setup_stackheap                   0x08001381   Thumb Code    74  sys_stackheap_outer.o(.text)
    __rt_ctype_table                         0x080013cd   Thumb Code    16  rt_ctype_table.o(.text)
    __rt_locale                              0x080013dd   Thumb Code     8  rt_locale_intlibspace.o(.text)
    _printf_fp_infnan                        0x080013e5   Thumb Code   112  _printf_fp_infnan.o(.text)
    _btod_etento                             0x08001465   Thumb Code   224  bigflt0.o(.text)
    exit                                     0x08001549   Thumb Code    18  exit.o(.text)
    __user_libspace                          0x0800155d   Thumb Code     8  libspace.o(.text)
    __user_perproc_libspace                  0x0800155d   Thumb Code     0  libspace.o(.text)
    __user_perthread_libspace                0x0800155d   Thumb Code     0  libspace.o(.text)
    strcmp                                   0x08001565   Thumb Code   128  strcmpv7m.o(.text)
    _btod_d2e                                0x080015e5   Thumb Code    62  btod.o(CL$$btod_d2e)
    _d2e_denorm_low                          0x08001623   Thumb Code    70  btod.o(CL$$btod_d2e_denorm_low)
    _d2e_norm_op1                            0x08001669   Thumb Code    96  btod.o(CL$$btod_d2e_norm_op1)
    __btod_div_common                        0x080016c9   Thumb Code   696  btod.o(CL$$btod_div_common)
    _e2e                                     0x08001a01   Thumb Code   220  btod.o(CL$$btod_e2e)
    _btod_ediv                               0x08001add   Thumb Code    42  btod.o(CL$$btod_ediv)
    _btod_emul                               0x08001b07   Thumb Code    42  btod.o(CL$$btod_emul)
    __btod_mult_common                       0x08001b31   Thumb Code   580  btod.o(CL$$btod_mult_common)
    BaseComm_Task                            0x08001d75   Thumb Code    12  freertos.o(i.BaseComm_Task)
    BaseLog_Task                             0x08001d81   Thumb Code    16  freertos.o(i.BaseLog_Task)
    BaseMotor_Task                           0x08001d91   Thumb Code    12  freertos.o(i.BaseMotor_Task)
    BaseState_Task                           0x08001d9d   Thumb Code    12  freertos.o(i.BaseState_Task)
    Base_BuildStatusData                     0x08001fc5   Thumb Code   148  system_monitor.o(i.Base_BuildStatusData)
    Base_HandleCommand                       0x0800208d   Thumb Code   192  system_monitor.o(i.Base_HandleCommand)
    Base_IsBucketCirculationRequested        0x08002165   Thumb Code     6  system_monitor.o(i.Base_IsBucketCirculationRequested)
    Base_IsBucketConnected                   0x08002171   Thumb Code     6  system_monitor.o(i.Base_IsBucketConnected)
    Base_SetBucketConnected                  0x0800217d   Thumb Code    46  system_monitor.o(i.Base_SetBucketConnected)
    Base_SetLevelSensorValue                 0x080021b1   Thumb Code     6  system_monitor.o(i.Base_SetLevelSensorValue)
    BusFault_Handler                         0x080021e1   Thumb Code     2  stm32f1xx_it.o(i.BusFault_Handler)
    ColorLight_Init                          0x0800223d   Thumb Code    48  color_light.o(i.ColorLight_Init)
    ColorLight_Off                           0x08002275   Thumb Code    12  color_light.o(i.ColorLight_Off)
    ColorLight_SetRgbw                       0x08002281   Thumb Code    50  color_light.o(i.ColorLight_SetRgbw)
    DMA1_Channel2_IRQHandler                 0x080022f9   Thumb Code     6  stm32f1xx_it.o(i.DMA1_Channel2_IRQHandler)
    DMA1_Channel3_IRQHandler                 0x08002305   Thumb Code     6  stm32f1xx_it.o(i.DMA1_Channel3_IRQHandler)
    DMA1_Channel4_IRQHandler                 0x08002311   Thumb Code     6  stm32f1xx_it.o(i.DMA1_Channel4_IRQHandler)
    DMA1_Channel6_IRQHandler                 0x0800231d   Thumb Code     6  stm32f1xx_it.o(i.DMA1_Channel6_IRQHandler)
    DMA1_Channel7_IRQHandler                 0x08002329   Thumb Code     6  stm32f1xx_it.o(i.DMA1_Channel7_IRQHandler)
    DebugMon_Handler                         0x0800235f   Thumb Code     2  stm32f1xx_it.o(i.DebugMon_Handler)
    Error_Handler                            0x08002361   Thumb Code     4  main.o(i.Error_Handler)
    HAL_DMA_Abort                            0x08002365   Thumb Code    70  stm32f1xx_hal_dma.o(i.HAL_DMA_Abort)
    HAL_DMA_Abort_IT                         0x080023ad   Thumb Code   148  stm32f1xx_hal_dma.o(i.HAL_DMA_Abort_IT)
    HAL_DMA_IRQHandler                       0x08002445   Thumb Code   316  stm32f1xx_hal_dma.o(i.HAL_DMA_IRQHandler)
    HAL_DMA_Init                             0x08002599   Thumb Code    84  stm32f1xx_hal_dma.o(i.HAL_DMA_Init)
    HAL_DMA_Start_IT                         0x080025f5   Thumb Code   112  stm32f1xx_hal_dma.o(i.HAL_DMA_Start_IT)
    HAL_GPIO_Init                            0x08002665   Thumb Code   446  stm32f1xx_hal_gpio.o(i.HAL_GPIO_Init)
    HAL_GPIO_ReadPin                         0x08002845   Thumb Code    10  stm32f1xx_hal_gpio.o(i.HAL_GPIO_ReadPin)
    HAL_GPIO_WritePin                        0x0800284f   Thumb Code    10  stm32f1xx_hal_gpio.o(i.HAL_GPIO_WritePin)
    HAL_GetTick                              0x08002859   Thumb Code     6  stm32f1xx_hal.o(i.HAL_GetTick)
    HAL_IncTick                              0x08002865   Thumb Code    12  stm32f1xx_hal.o(i.HAL_IncTick)
    HAL_Init                                 0x08002875   Thumb Code    32  stm32f1xx_hal.o(i.HAL_Init)
    HAL_InitTick                             0x08002899   Thumb Code   134  stm32f1xx_hal_timebase_tim.o(i.HAL_InitTick)
    HAL_MspInit                              0x08002931   Thumb Code    62  stm32f1xx_hal_msp.o(i.HAL_MspInit)
    HAL_NVIC_EnableIRQ                       0x08002979   Thumb Code    26  stm32f1xx_hal_cortex.o(i.HAL_NVIC_EnableIRQ)
    HAL_NVIC_SetPriority                     0x08002995   Thumb Code    60  stm32f1xx_hal_cortex.o(i.HAL_NVIC_SetPriority)
    HAL_NVIC_SetPriorityGrouping             0x080029d5   Thumb Code    26  stm32f1xx_hal_cortex.o(i.HAL_NVIC_SetPriorityGrouping)
    HAL_RCC_ClockConfig                      0x080029f9   Thumb Code   280  stm32f1xx_hal_rcc.o(i.HAL_RCC_ClockConfig)
    HAL_RCC_GetClockConfig                   0x08002b25   Thumb Code    54  stm32f1xx_hal_rcc.o(i.HAL_RCC_GetClockConfig)
    HAL_RCC_GetPCLK1Freq                     0x08002b65   Thumb Code    20  stm32f1xx_hal_rcc.o(i.HAL_RCC_GetPCLK1Freq)
    HAL_RCC_GetPCLK2Freq                     0x08002b85   Thumb Code    20  stm32f1xx_hal_rcc.o(i.HAL_RCC_GetPCLK2Freq)
    HAL_RCC_GetSysClockFreq                  0x08002ba5   Thumb Code    58  stm32f1xx_hal_rcc.o(i.HAL_RCC_GetSysClockFreq)
    HAL_RCC_OscConfig                        0x08002bf1   Thumb Code   778  stm32f1xx_hal_rcc.o(i.HAL_RCC_OscConfig)
    HAL_TIMEx_BreakCallback                  0x08002f11   Thumb Code     2  stm32f1xx_hal_tim_ex.o(i.HAL_TIMEx_BreakCallback)
    HAL_TIMEx_CommutCallback                 0x08002f13   Thumb Code     2  stm32f1xx_hal_tim_ex.o(i.HAL_TIMEx_CommutCallback)
    HAL_TIMEx_ConfigBreakDeadTime            0x08002f15   Thumb Code    84  stm32f1xx_hal_tim_ex.o(i.HAL_TIMEx_ConfigBreakDeadTime)
    HAL_TIMEx_MasterConfigSynchronization    0x08002f69   Thumb Code    92  stm32f1xx_hal_tim_ex.o(i.HAL_TIMEx_MasterConfigSynchronization)
    HAL_TIM_Base_Init                        0x08002fd1   Thumb Code    90  stm32f1xx_hal_tim.o(i.HAL_TIM_Base_Init)
    HAL_TIM_Base_MspInit                     0x0800302b   Thumb Code     2  stm32f1xx_hal_tim.o(i.HAL_TIM_Base_MspInit)
    HAL_TIM_Base_Start_IT                    0x0800302d   Thumb Code    76  stm32f1xx_hal_tim.o(i.HAL_TIM_Base_Start_IT)
    HAL_TIM_IC_CaptureCallback               0x08003085   Thumb Code     2  stm32f1xx_hal_tim.o(i.HAL_TIM_IC_CaptureCallback)
    HAL_TIM_IRQHandler                       0x08003087   Thumb Code   304  stm32f1xx_hal_tim.o(i.HAL_TIM_IRQHandler)
    HAL_TIM_MspPostInit                      0x080031b9   Thumb Code   166  tim.o(i.HAL_TIM_MspPostInit)
    HAL_TIM_OC_DelayElapsedCallback          0x08003279   Thumb Code     2  stm32f1xx_hal_tim.o(i.HAL_TIM_OC_DelayElapsedCallback)
    HAL_TIM_PWM_ConfigChannel                0x0800327b   Thumb Code   204  stm32f1xx_hal_tim.o(i.HAL_TIM_PWM_ConfigChannel)
    HAL_TIM_PWM_Init                         0x08003347   Thumb Code    90  stm32f1xx_hal_tim.o(i.HAL_TIM_PWM_Init)
    HAL_TIM_PWM_MspInit                      0x080033a1   Thumb Code    74  tim.o(i.HAL_TIM_PWM_MspInit)
    HAL_TIM_PWM_PulseFinishedCallback        0x080033fd   Thumb Code     2  stm32f1xx_hal_tim.o(i.HAL_TIM_PWM_PulseFinishedCallback)
    HAL_TIM_PWM_Start                        0x08003401   Thumb Code   144  stm32f1xx_hal_tim.o(i.HAL_TIM_PWM_Start)
    HAL_TIM_PeriodElapsedCallback            0x0800349d   Thumb Code    14  main.o(i.HAL_TIM_PeriodElapsedCallback)
    HAL_TIM_TriggerCallback                  0x080034ab   Thumb Code     2  stm32f1xx_hal_tim.o(i.HAL_TIM_TriggerCallback)
    HAL_UARTEx_ReceiveToIdle_DMA             0x080034ad   Thumb Code    74  stm32f1xx_hal_uart.o(i.HAL_UARTEx_ReceiveToIdle_DMA)
    HAL_UARTEx_RxEventCallback               0x080034f7   Thumb Code     4  stm32f1xx_it.o(i.HAL_UARTEx_RxEventCallback)
    HAL_UART_ErrorCallback                   0x080034fb   Thumb Code    18  stm32f1xx_it.o(i.HAL_UART_ErrorCallback)
    HAL_UART_IRQHandler                      0x0800350d   Thumb Code   616  stm32f1xx_hal_uart.o(i.HAL_UART_IRQHandler)
    HAL_UART_Init                            0x08003779   Thumb Code   100  stm32f1xx_hal_uart.o(i.HAL_UART_Init)
    HAL_UART_MspInit                         0x080037dd   Thumb Code   574  usart.o(i.HAL_UART_MspInit)
    HAL_UART_RxCpltCallback                  0x08003a41   Thumb Code     2  stm32f1xx_hal_uart.o(i.HAL_UART_RxCpltCallback)
    HAL_UART_RxHalfCpltCallback              0x08003a43   Thumb Code     2  stm32f1xx_hal_uart.o(i.HAL_UART_RxHalfCpltCallback)
    HAL_UART_Transmit_DMA                    0x08003a45   Thumb Code   106  stm32f1xx_hal_uart.o(i.HAL_UART_Transmit_DMA)
    HAL_UART_TxCpltCallback                  0x08003abd   Thumb Code    18  stm32f1xx_it.o(i.HAL_UART_TxCpltCallback)
    HAL_UART_TxHalfCpltCallback              0x08003acf   Thumb Code     2  stm32f1xx_hal_uart.o(i.HAL_UART_TxHalfCpltCallback)
    HardFault_Handler                        0x08003ad1   Thumb Code     2  stm32f1xx_it.o(i.HardFault_Handler)
    Logging_ErrorCallback                    0x08003ad5   Thumb Code    94  log.o(i.Logging_ErrorCallback)
    Logging_Init                             0x08003b3d   Thumb Code    28  log.o(i.Logging_Init)
    Logging_Print                            0x08003b7f   Thumb Code    54  log.o(i.Logging_Print)
    Logging_Printf                           0x08003bb5   Thumb Code    66  log.o(i.Logging_Printf)
    Logging_TaskProcess                      0x08003c91   Thumb Code    64  log.o(i.Logging_TaskProcess)
    Logging_TxCpltCallback                   0x08003d09   Thumb Code    28  log.o(i.Logging_TxCpltCallback)
    MX_DMA_Init                              0x08003d8d   Thumb Code   104  dma.o(i.MX_DMA_Init)
    MX_FREERTOS_Init                         0x08003df9   Thumb Code    80  freertos.o(i.MX_FREERTOS_Init)
    MX_GPIO_Init                             0x08003e61   Thumb Code   156  gpio.o(i.MX_GPIO_Init)
    MX_TIM1_Init                             0x08003f09   Thumb Code   128  tim.o(i.MX_TIM1_Init)
    MX_TIM3_Init                             0x08003f91   Thumb Code    90  tim.o(i.MX_TIM3_Init)
    MX_TIM4_Init                             0x08003ff5   Thumb Code    98  tim.o(i.MX_TIM4_Init)
    MX_USART1_UART_Init                      0x08004061   Thumb Code    48  usart.o(i.MX_USART1_UART_Init)
    MX_USART2_UART_Init                      0x08004099   Thumb Code    48  usart.o(i.MX_USART2_UART_Init)
    MX_USART3_UART_Init                      0x080040d1   Thumb Code    48  usart.o(i.MX_USART3_UART_Init)
    MemManage_Handler                        0x08004109   Thumb Code     2  stm32f1xx_it.o(i.MemManage_Handler)
    Motor_Init                               0x08004161   Thumb Code    66  motor_control.o(i.Motor_Init)
    Motor_Run                                0x080041b1   Thumb Code    46  motor_control.o(i.Motor_Run)
    Motor_Stop                               0x080041e5   Thumb Code    16  motor_control.o(i.Motor_Stop)
    Motor_TaskProcess                        0x080041f9   Thumb Code    16  motor_control.o(i.Motor_TaskProcess)
    NMI_Handler                              0x0800420d   Thumb Code     2  stm32f1xx_it.o(i.NMI_Handler)
    SysTick_Handler                          0x0800420f   Thumb Code    26  cmsis_os2.o(i.SysTick_Handler)
    SystemClock_Config                       0x08004229   Thumb Code    94  main.o(i.SystemClock_Config)
    SystemInit                               0x08004287   Thumb Code     2  system_stm32f1xx.o(i.SystemInit)
    SystemMonitor_ClearErrors                0x08004289   Thumb Code    10  system_monitor.o(i.SystemMonitor_ClearErrors)
    SystemMonitor_GetCommand                 0x08004299   Thumb Code     6  system_monitor.o(i.SystemMonitor_GetCommand)
    SystemMonitor_GetErrCode1                0x080042a5   Thumb Code    10  system_monitor.o(i.SystemMonitor_GetErrCode1)
    SystemMonitor_GetErrCode2                0x080042b5   Thumb Code    10  system_monitor.o(i.SystemMonitor_GetErrCode2)
    SystemMonitor_GetLinkStatus              0x080042c5   Thumb Code     6  system_monitor.o(i.SystemMonitor_GetLinkStatus)
    SystemMonitor_GetMainStatus              0x080042d1   Thumb Code     6  system_monitor.o(i.SystemMonitor_GetMainStatus)
    SystemMonitor_GetSubStatus               0x080042dd   Thumb Code     6  system_monitor.o(i.SystemMonitor_GetSubStatus)
    SystemMonitor_GetTimerRemainingSec       0x080042e9   Thumb Code    46  system_monitor.o(i.SystemMonitor_GetTimerRemainingSec)
    SystemMonitor_Init                       0x0800431d   Thumb Code    42  system_monitor.o(i.SystemMonitor_Init)
    SystemMonitor_TaskProcess                0x0800434d   Thumb Code    98  system_monitor.o(i.SystemMonitor_TaskProcess)
    TIM2_IRQHandler                          0x080043bd   Thumb Code     6  stm32f1xx_it.o(i.TIM2_IRQHandler)
    TIM3_IRQHandler                          0x080043c9   Thumb Code     6  stm32f1xx_it.o(i.TIM3_IRQHandler)
    TIM_Base_SetConfig                       0x080043d5   Thumb Code   108  stm32f1xx_hal_tim.o(i.TIM_Base_SetConfig)
    TIM_CCxChannelCmd                        0x0800444d   Thumb Code    26  stm32f1xx_hal_tim.o(i.TIM_CCxChannelCmd)
    TIM_OC2_SetConfig                        0x080044e9   Thumb Code    84  stm32f1xx_hal_tim.o(i.TIM_OC2_SetConfig)
    UART_Comm_BuildStatusFrame               0x080045dd   Thumb Code    92  uart_comm.o(i.UART_Comm_BuildStatusFrame)
    UART_Comm_Checksum                       0x08004641   Thumb Code    26  uart_comm.o(i.UART_Comm_Checksum)
    UART_Comm_ErrorCallback                  0x0800465d   Thumb Code    82  uart_comm.o(i.UART_Comm_ErrorCallback)
    UART_Comm_Init                           0x080046c1   Thumb Code   108  uart_comm.o(i.UART_Comm_Init)
    UART_Comm_IsFrameValid                   0x08004741   Thumb Code    38  uart_comm.o(i.UART_Comm_IsFrameValid)
    UART_Comm_RxEventCallback                0x08004891   Thumb Code    34  uart_comm.o(i.UART_Comm_RxEventCallback)
    UART_Comm_TaskProcess                    0x08004975   Thumb Code   134  uart_comm.o(i.UART_Comm_TaskProcess)
    UART_Comm_TxCpltCallback                 0x08004a95   Thumb Code    32  uart_comm.o(i.UART_Comm_TxCpltCallback)
    UART_Start_Receive_DMA                   0x08004ded   Thumb Code   130  stm32f1xx_hal_uart.o(i.UART_Start_Receive_DMA)
    USART1_IRQHandler                        0x08004e7d   Thumb Code     6  stm32f1xx_it.o(i.USART1_IRQHandler)
    USART2_IRQHandler                        0x08004e89   Thumb Code     6  stm32f1xx_it.o(i.USART2_IRQHandler)
    USART3_IRQHandler                        0x08004e95   Thumb Code     6  stm32f1xx_it.o(i.USART3_IRQHandler)
    UsageFault_Handler                       0x08004ea1   Thumb Code     2  stm32f1xx_it.o(i.UsageFault_Handler)
    __ARM_fpclassify                         0x08004ea3   Thumb Code    40  fpclassify.o(i.__ARM_fpclassify)
    _is_digit                                0x08004eeb   Thumb Code    14  __printf_wp.o(i._is_digit)
    _sys_exit                                0x08004ef9   Thumb Code     2  log.o(i._sys_exit)
    main                                     0x08004efd   Thumb Code    68  main.o(i.main)
    osDelay                                  0x08004f45   Thumb Code    26  cmsis_os2.o(i.osDelay)
    osKernelInitialize                       0x08004f61   Thumb Code    32  cmsis_os2.o(i.osKernelInitialize)
    osKernelStart                            0x08004f85   Thumb Code    48  cmsis_os2.o(i.osKernelStart)
    osThreadNew                              0x08004fbd   Thumb Code   138  cmsis_os2.o(i.osThreadNew)
    pvPortMalloc                             0x080057dd   Thumb Code   216  heap_4.o(i.pvPortMalloc)
    pxPortInitialiseStack                    0x080058b9   Thumb Code    32  port.o(i.pxPortInitialiseStack)
    uxListRemove                             0x080058dd   Thumb Code    38  list.o(i.uxListRemove)
    vApplicationGetIdleTaskMemory            0x08005905   Thumb Code    16  cmsis_os2.o(i.vApplicationGetIdleTaskMemory)
    vApplicationGetTimerTaskMemory           0x08005919   Thumb Code    18  cmsis_os2.o(i.vApplicationGetTimerTaskMemory)
    vListInitialise                          0x08005931   Thumb Code    22  list.o(i.vListInitialise)
    vListInitialiseItem                      0x08005947   Thumb Code     6  list.o(i.vListInitialiseItem)
    vListInsert                              0x0800594d   Thumb Code    48  list.o(i.vListInsert)
    vListInsertEnd                           0x0800597d   Thumb Code    24  list.o(i.vListInsertEnd)
    vPortEnterCritical                       0x08005995   Thumb Code    54  port.o(i.vPortEnterCritical)
    vPortExitCritical                        0x080059d5   Thumb Code    34  port.o(i.vPortExitCritical)
    vPortFree                                0x080059fd   Thumb Code    94  heap_4.o(i.vPortFree)
    vPortSetupTimerInterrupt                 0x08005a61   Thumb Code    32  port.o(i.vPortSetupTimerInterrupt)
    vPortValidateInterruptPriority           0x08005a85   Thumb Code    74  port.o(i.vPortValidateInterruptPriority)
    vQueueAddToRegistry                      0x08005ad9   Thumb Code    34  queue.o(i.vQueueAddToRegistry)
    vQueueWaitForMessageRestricted           0x08005b01   Thumb Code    68  queue.o(i.vQueueWaitForMessageRestricted)
    vTaskDelay                               0x08005b45   Thumb Code    66  tasks.o(i.vTaskDelay)
    vTaskInternalSetTimeOutState             0x08005b91   Thumb Code    12  tasks.o(i.vTaskInternalSetTimeOutState)
    vTaskMissedYield                         0x08005ba1   Thumb Code     8  tasks.o(i.vTaskMissedYield)
    vTaskPlaceOnEventList                    0x08005bad   Thumb Code    44  tasks.o(i.vTaskPlaceOnEventList)
    vTaskPlaceOnEventListRestricted          0x08005bdd   Thumb Code    52  tasks.o(i.vTaskPlaceOnEventListRestricted)
    vTaskStartScheduler                      0x08005c15   Thumb Code   118  tasks.o(i.vTaskStartScheduler)
    vTaskSuspendAll                          0x08005c9d   Thumb Code    10  tasks.o(i.vTaskSuspendAll)
    vTaskSwitchContext                       0x08005cad   Thumb Code    90  tasks.o(i.vTaskSwitchContext)
    xPortStartScheduler                      0x08005d11   Thumb Code   154  port.o(i.xPortStartScheduler)
    xPortSysTickHandler                      0x08005db9   Thumb Code    38  port.o(i.xPortSysTickHandler)
    xQueueGenericCreateStatic                0x08005de5   Thumb Code   102  queue.o(i.xQueueGenericCreateStatic)
    xQueueGenericReset                       0x08005e4d   Thumb Code   132  queue.o(i.xQueueGenericReset)
    xQueueGenericSend                        0x08005ed5   Thumb Code   346  queue.o(i.xQueueGenericSend)
    xQueueGenericSendFromISR                 0x08006035   Thumb Code   190  queue.o(i.xQueueGenericSendFromISR)
    xQueueReceive                            0x080060f5   Thumb Code   308  queue.o(i.xQueueReceive)
    xTaskCheckForTimeOut                     0x0800622d   Thumb Code   112  tasks.o(i.xTaskCheckForTimeOut)
    xTaskCreate                              0x080062a1   Thumb Code    90  tasks.o(i.xTaskCreate)
    xTaskCreateStatic                        0x080062fb   Thumb Code    86  tasks.o(i.xTaskCreateStatic)
    xTaskGetSchedulerState                   0x08006351   Thumb Code    22  tasks.o(i.xTaskGetSchedulerState)
    xTaskGetTickCount                        0x0800636d   Thumb Code     6  tasks.o(i.xTaskGetTickCount)
    xTaskIncrementTick                       0x08006379   Thumb Code   192  tasks.o(i.xTaskIncrementTick)
    xTaskPriorityDisinherit                  0x08006441   Thumb Code   118  tasks.o(i.xTaskPriorityDisinherit)
    xTaskRemoveFromEventList                 0x080064c1   Thumb Code    98  tasks.o(i.xTaskRemoveFromEventList)
    xTaskResumeAll                           0x08006531   Thumb Code   182  tasks.o(i.xTaskResumeAll)
    xTimerCreateTimerTask                    0x080065f5   Thumb Code    78  timers.o(i.xTimerCreateTimerTask)
    xTimerGenericCommand                     0x08006655   Thumb Code    98  timers.o(i.xTimerGenericCommand)
    _get_lc_numeric                          0x080066bd   Thumb Code    44  lc_numeric_c.o(locale$$code)
    _get_lc_ctype                            0x080066e9   Thumb Code    44  lc_ctype_c.o(locale$$code)
    _printf_fp_dec                           0x08006715   Thumb Code     4  printf1.o(x$fpl$printf1)
    _printf_fp_hex                           0x08006719   Thumb Code     4  printf2.o(x$fpl$printf2)
    BaseMotorTask_attributes                 0x0800671c   Data          36  freertos.o(.constdata)
    __I$use$fp                               0x0800671c   Number         0  usenofp.o(x$fpl$usenofp)
    BaseCommTask_attributes                  0x08006740   Data          36  freertos.o(.constdata)
    BaseLogTask_attributes                   0x08006764   Data          36  freertos.o(.constdata)
    BaseStateTask_attributes                 0x08006788   Data          36  freertos.o(.constdata)
    AHBPrescTable                            0x080067be   Data          16  system_stm32f1xx.o(.constdata)
    APBPrescTable                            0x080067ce   Data           8  system_stm32f1xx.o(.constdata)
    Region$$Table$$Base                      0x08006900   Number         0  anon$$obj.o(Region$$Table)
    Region$$Table$$Limit                     0x08006920   Number         0  anon$$obj.o(Region$$Table)
    __ctype                                  0x08006949   Data           0  lc_ctype_c.o(locale$$data)
    BaseMotorTaskHandle                      0x20000000   Data           4  freertos.o(.data)
    BaseCommTaskHandle                       0x20000004   Data           4  freertos.o(.data)
    BaseLogTaskHandle                        0x20000008   Data           4  freertos.o(.data)
    BaseStateTaskHandle                      0x2000000c   Data           4  freertos.o(.data)
    uwTickFreq                               0x20000010   Data           1  stm32f1xx_hal.o(.data)
    uwTickPrio                               0x20000014   Data           4  stm32f1xx_hal.o(.data)
    uwTick                                   0x20000018   Data           4  stm32f1xx_hal.o(.data)
    SystemCoreClock                          0x2000001c   Data           4  system_stm32f1xx.o(.data)
    pxCurrentTCB                             0x20000020   Data           4  tasks.o(.data)
    htim1                                    0x200000dc   Data          72  tim.o(.bss)
    htim3                                    0x20000124   Data          72  tim.o(.bss)
    htim4                                    0x2000016c   Data          72  tim.o(.bss)
    huart1                                   0x200001b4   Data          72  usart.o(.bss)
    huart2                                   0x200001fc   Data          72  usart.o(.bss)
    huart3                                   0x20000244   Data          72  usart.o(.bss)
    hdma_usart1_tx                           0x2000028c   Data          68  usart.o(.bss)
    hdma_usart2_rx                           0x200002d0   Data          68  usart.o(.bss)
    hdma_usart2_tx                           0x20000314   Data          68  usart.o(.bss)
    hdma_usart3_rx                           0x20000358   Data          68  usart.o(.bss)
    hdma_usart3_tx                           0x2000039c   Data          68  usart.o(.bss)
    htim2                                    0x200003e0   Data          72  stm32f1xx_hal_timebase_tim.o(.bss)
    xQueueRegistry                           0x20000428   Data          64  queue.o(.bss)
    __libspace_start                         0x20003ce0   Data          96  libspace.o(.bss)
    __temporary_stack_top$libspace           0x20003d40   Data           0  libspace.o(.bss)



==============================================================================

Memory Map of the image

  Image Entry point : 0x080000ed

  Load Region LR_IROM1 (Base: 0x08000000, Size: 0x00006b28, Max: 0x00010000, ABSOLUTE)

    Execution Region ER_IROM1 (Exec base: 0x08000000, Load base: 0x08000000, Size: 0x00006a4c, Max: 0x00010000, ABSOLUTE)

    Exec Addr    Load Addr    Size         Type   Attr      Idx    E Section Name        Object

    0x08000000   0x08000000   0x000000ec   Data   RO            3    RESET               startup_stm32f103xb.o
    0x080000ec   0x080000ec   0x00000008   Code   RO         5443  * !!!main             c_w.l(__main.o)
    0x080000f4   0x080000f4   0x00000034   Code   RO         5766    !!!scatter          c_w.l(__scatter.o)
    0x08000128   0x08000128   0x0000001a   Code   RO         5768    !!handler_copy      c_w.l(__scatter_copy.o)
    0x08000142   0x08000142   0x00000002   PAD
    0x08000144   0x08000144   0x0000001c   Code   RO         5770    !!handler_zi        c_w.l(__scatter_zi.o)
    0x08000160   0x08000160   0x00000000   Code   RO         5531    .ARM.Collect$$_printf_percent$$00000000  c_w.l(_printf_percent.o)
    0x08000160   0x08000160   0x00000006   Code   RO         5520    .ARM.Collect$$_printf_percent$$00000001  c_w.l(_printf_n.o)
    0x08000166   0x08000166   0x00000006   Code   RO         5522    .ARM.Collect$$_printf_percent$$00000002  c_w.l(_printf_p.o)
    0x0800016c   0x0800016c   0x00000006   Code   RO         5527    .ARM.Collect$$_printf_percent$$00000003  c_w.l(_printf_f.o)
    0x08000172   0x08000172   0x00000006   Code   RO         5528    .ARM.Collect$$_printf_percent$$00000004  c_w.l(_printf_e.o)
    0x08000178   0x08000178   0x00000006   Code   RO         5529    .ARM.Collect$$_printf_percent$$00000005  c_w.l(_printf_g.o)
    0x0800017e   0x0800017e   0x00000006   Code   RO         5530    .ARM.Collect$$_printf_percent$$00000006  c_w.l(_printf_a.o)
    0x08000184   0x08000184   0x0000000a   Code   RO         5535    .ARM.Collect$$_printf_percent$$00000007  c_w.l(_printf_ll.o)
    0x0800018e   0x0800018e   0x00000006   Code   RO         5524    .ARM.Collect$$_printf_percent$$00000008  c_w.l(_printf_i.o)
    0x08000194   0x08000194   0x00000006   Code   RO         5525    .ARM.Collect$$_printf_percent$$00000009  c_w.l(_printf_d.o)
    0x0800019a   0x0800019a   0x00000006   Code   RO         5526    .ARM.Collect$$_printf_percent$$0000000A  c_w.l(_printf_u.o)
    0x080001a0   0x080001a0   0x00000006   Code   RO         5523    .ARM.Collect$$_printf_percent$$0000000B  c_w.l(_printf_o.o)
    0x080001a6   0x080001a6   0x00000006   Code   RO         5521    .ARM.Collect$$_printf_percent$$0000000C  c_w.l(_printf_x.o)
    0x080001ac   0x080001ac   0x00000006   Code   RO         5532    .ARM.Collect$$_printf_percent$$0000000D  c_w.l(_printf_lli.o)
    0x080001b2   0x080001b2   0x00000006   Code   RO         5533    .ARM.Collect$$_printf_percent$$0000000E  c_w.l(_printf_lld.o)
    0x080001b8   0x080001b8   0x00000006   Code   RO         5534    .ARM.Collect$$_printf_percent$$0000000F  c_w.l(_printf_llu.o)
    0x080001be   0x080001be   0x00000006   Code   RO         5539    .ARM.Collect$$_printf_percent$$00000010  c_w.l(_printf_llo.o)
    0x080001c4   0x080001c4   0x00000006   Code   RO         5540    .ARM.Collect$$_printf_percent$$00000011  c_w.l(_printf_llx.o)
    0x080001ca   0x080001ca   0x0000000a   Code   RO         5536    .ARM.Collect$$_printf_percent$$00000012  c_w.l(_printf_l.o)
    0x080001d4   0x080001d4   0x00000006   Code   RO         5518    .ARM.Collect$$_printf_percent$$00000013  c_w.l(_printf_c.o)
    0x080001da   0x080001da   0x00000006   Code   RO         5519    .ARM.Collect$$_printf_percent$$00000014  c_w.l(_printf_s.o)
    0x080001e0   0x080001e0   0x00000006   Code   RO         5537    .ARM.Collect$$_printf_percent$$00000015  c_w.l(_printf_lc.o)
    0x080001e6   0x080001e6   0x00000006   Code   RO         5538    .ARM.Collect$$_printf_percent$$00000016  c_w.l(_printf_ls.o)
    0x080001ec   0x080001ec   0x00000004   Code   RO         5581    .ARM.Collect$$_printf_percent$$00000017  c_w.l(_printf_percent_end.o)
    0x080001f0   0x080001f0   0x00000002   Code   RO         5630    .ARM.Collect$$libinit$$00000000  c_w.l(libinit.o)
    0x080001f2   0x080001f2   0x00000000   Code   RO         5647    .ARM.Collect$$libinit$$00000002  c_w.l(libinit2.o)
    0x080001f2   0x080001f2   0x00000000   Code   RO         5649    .ARM.Collect$$libinit$$00000004  c_w.l(libinit2.o)
    0x080001f2   0x080001f2   0x00000000   Code   RO         5652    .ARM.Collect$$libinit$$0000000A  c_w.l(libinit2.o)
    0x080001f2   0x080001f2   0x00000000   Code   RO         5654    .ARM.Collect$$libinit$$0000000C  c_w.l(libinit2.o)
    0x080001f2   0x080001f2   0x00000000   Code   RO         5656    .ARM.Collect$$libinit$$0000000E  c_w.l(libinit2.o)
    0x080001f2   0x080001f2   0x00000006   Code   RO         5657    .ARM.Collect$$libinit$$0000000F  c_w.l(libinit2.o)
    0x080001f8   0x080001f8   0x00000000   Code   RO         5659    .ARM.Collect$$libinit$$00000011  c_w.l(libinit2.o)
    0x080001f8   0x080001f8   0x0000000c   Code   RO         5660    .ARM.Collect$$libinit$$00000012  c_w.l(libinit2.o)
    0x08000204   0x08000204   0x00000000   Code   RO         5661    .ARM.Collect$$libinit$$00000013  c_w.l(libinit2.o)
    0x08000204   0x08000204   0x00000000   Code   RO         5663    .ARM.Collect$$libinit$$00000015  c_w.l(libinit2.o)
    0x08000204   0x08000204   0x0000000a   Code   RO         5664    .ARM.Collect$$libinit$$00000016  c_w.l(libinit2.o)
    0x0800020e   0x0800020e   0x00000000   Code   RO         5665    .ARM.Collect$$libinit$$00000017  c_w.l(libinit2.o)
    0x0800020e   0x0800020e   0x00000000   Code   RO         5667    .ARM.Collect$$libinit$$00000019  c_w.l(libinit2.o)
    0x0800020e   0x0800020e   0x00000000   Code   RO         5669    .ARM.Collect$$libinit$$0000001B  c_w.l(libinit2.o)
    0x0800020e   0x0800020e   0x00000000   Code   RO         5671    .ARM.Collect$$libinit$$0000001D  c_w.l(libinit2.o)
    0x0800020e   0x0800020e   0x00000000   Code   RO         5673    .ARM.Collect$$libinit$$0000001F  c_w.l(libinit2.o)
    0x0800020e   0x0800020e   0x00000000   Code   RO         5675    .ARM.Collect$$libinit$$00000021  c_w.l(libinit2.o)
    0x0800020e   0x0800020e   0x00000000   Code   RO         5677    .ARM.Collect$$libinit$$00000023  c_w.l(libinit2.o)
    0x0800020e   0x0800020e   0x00000000   Code   RO         5679    .ARM.Collect$$libinit$$00000025  c_w.l(libinit2.o)
    0x0800020e   0x0800020e   0x00000000   Code   RO         5683    .ARM.Collect$$libinit$$0000002C  c_w.l(libinit2.o)
    0x0800020e   0x0800020e   0x00000000   Code   RO         5685    .ARM.Collect$$libinit$$0000002E  c_w.l(libinit2.o)
    0x0800020e   0x0800020e   0x00000000   Code   RO         5687    .ARM.Collect$$libinit$$00000030  c_w.l(libinit2.o)
    0x0800020e   0x0800020e   0x00000000   Code   RO         5689    .ARM.Collect$$libinit$$00000032  c_w.l(libinit2.o)
    0x0800020e   0x0800020e   0x00000002   Code   RO         5690    .ARM.Collect$$libinit$$00000033  c_w.l(libinit2.o)
    0x08000210   0x08000210   0x00000002   Code   RO         5708    .ARM.Collect$$libshutdown$$00000000  c_w.l(libshutdown.o)
    0x08000212   0x08000212   0x00000000   Code   RO         5718    .ARM.Collect$$libshutdown$$00000002  c_w.l(libshutdown2.o)
    0x08000212   0x08000212   0x00000000   Code   RO         5720    .ARM.Collect$$libshutdown$$00000004  c_w.l(libshutdown2.o)
    0x08000212   0x08000212   0x00000000   Code   RO         5723    .ARM.Collect$$libshutdown$$00000007  c_w.l(libshutdown2.o)
    0x08000212   0x08000212   0x00000000   Code   RO         5726    .ARM.Collect$$libshutdown$$0000000A  c_w.l(libshutdown2.o)
    0x08000212   0x08000212   0x00000000   Code   RO         5728    .ARM.Collect$$libshutdown$$0000000C  c_w.l(libshutdown2.o)
    0x08000212   0x08000212   0x00000000   Code   RO         5731    .ARM.Collect$$libshutdown$$0000000F  c_w.l(libshutdown2.o)
    0x08000212   0x08000212   0x00000002   Code   RO         5732    .ARM.Collect$$libshutdown$$00000010  c_w.l(libshutdown2.o)
    0x08000214   0x08000214   0x00000000   Code   RO         5447    .ARM.Collect$$rtentry$$00000000  c_w.l(__rtentry.o)
    0x08000214   0x08000214   0x00000000   Code   RO         5552    .ARM.Collect$$rtentry$$00000002  c_w.l(__rtentry2.o)
    0x08000214   0x08000214   0x00000006   Code   RO         5564    .ARM.Collect$$rtentry$$00000004  c_w.l(__rtentry4.o)
    0x0800021a   0x0800021a   0x00000000   Code   RO         5554    .ARM.Collect$$rtentry$$00000009  c_w.l(__rtentry2.o)
    0x0800021a   0x0800021a   0x00000004   Code   RO         5555    .ARM.Collect$$rtentry$$0000000A  c_w.l(__rtentry2.o)
    0x0800021e   0x0800021e   0x00000000   Code   RO         5557    .ARM.Collect$$rtentry$$0000000C  c_w.l(__rtentry2.o)
    0x0800021e   0x0800021e   0x00000008   Code   RO         5558    .ARM.Collect$$rtentry$$0000000D  c_w.l(__rtentry2.o)
    0x08000226   0x08000226   0x00000002   Code   RO         5639    .ARM.Collect$$rtexit$$00000000  c_w.l(rtexit.o)
    0x08000228   0x08000228   0x00000000   Code   RO         5692    .ARM.Collect$$rtexit$$00000002  c_w.l(rtexit2.o)
    0x08000228   0x08000228   0x00000004   Code   RO         5693    .ARM.Collect$$rtexit$$00000003  c_w.l(rtexit2.o)
    0x0800022c   0x0800022c   0x00000006   Code   RO         5694    .ARM.Collect$$rtexit$$00000004  c_w.l(rtexit2.o)
    0x08000232   0x08000232   0x00000002   PAD
    0x08000234   0x08000234   0x00000096   Code   RO         4697    .emb_text           port.o
    0x080002ca   0x080002ca   0x00000002   PAD
    0x080002cc   0x080002cc   0x00000040   Code   RO            4    .text               startup_stm32f103xb.o
    0x0800030c   0x0800030c   0x00000002   Code   RO         5423    .text               c_w.l(use_no_semi_2.o)
    0x0800030e   0x0800030e   0x00000002   PAD
    0x08000310   0x08000310   0x00000034   Code   RO         5427    .text               c_w.l(vsnprintf.o)
    0x08000344   0x08000344   0x0000003e   Code   RO         5429    .text               c_w.l(strlen.o)
    0x08000382   0x08000382   0x0000008a   Code   RO         5431    .text               c_w.l(rt_memcpy_v6.o)
    0x0800040c   0x0800040c   0x00000010   Code   RO         5435    .text               c_w.l(aeabi_memset.o)
    0x0800041c   0x0800041c   0x00000044   Code   RO         5437    .text               c_w.l(rt_memclr.o)
    0x08000460   0x08000460   0x0000004e   Code   RO         5439    .text               c_w.l(rt_memclr_w.o)
    0x080004ae   0x080004ae   0x00000006   Code   RO         5441    .text               c_w.l(heapauxi.o)
    0x080004b4   0x080004b4   0x00000002   Code   RO         5445    .text               c_w.l(use_no_semi.o)
    0x080004b6   0x080004b6   0x0000004e   Code   RO         5450    .text               c_w.l(_printf_pad.o)
    0x08000504   0x08000504   0x00000024   Code   RO         5452    .text               c_w.l(_printf_truncate.o)
    0x08000528   0x08000528   0x00000052   Code   RO         5454    .text               c_w.l(_printf_str.o)
    0x0800057a   0x0800057a   0x00000002   PAD
    0x0800057c   0x0800057c   0x00000078   Code   RO         5456    .text               c_w.l(_printf_dec.o)
    0x080005f4   0x080005f4   0x00000028   Code   RO         5458    .text               c_w.l(_printf_charcount.o)
    0x0800061c   0x0800061c   0x00000030   Code   RO         5460    .text               c_w.l(_printf_char_common.o)
    0x0800064c   0x0800064c   0x0000000a   Code   RO         5462    .text               c_w.l(_sputc.o)
    0x08000656   0x08000656   0x00000010   Code   RO         5464    .text               c_w.l(_snputc.o)
    0x08000666   0x08000666   0x00000002   PAD
    0x08000668   0x08000668   0x000000bc   Code   RO         5466    .text               c_w.l(_printf_wctomb.o)
    0x08000724   0x08000724   0x0000007c   Code   RO         5469    .text               c_w.l(_printf_longlong_dec.o)
    0x080007a0   0x080007a0   0x00000070   Code   RO         5475    .text               c_w.l(_printf_oct_int_ll.o)
    0x08000810   0x08000810   0x00000094   Code   RO         5495    .text               c_w.l(_printf_hex_int_ll_ptr.o)
    0x080008a4   0x080008a4   0x00000188   Code   RO         5515    .text               c_w.l(__printf_flags_ss_wp.o)
    0x08000a2c   0x08000a2c   0x00000064   Code   RO         5541    .text               c_w.l(rt_memcpy_w.o)
    0x08000a90   0x08000a90   0x0000008a   Code   RO         5566    .text               c_w.l(lludiv10.o)
    0x08000b1a   0x08000b1a   0x000000b2   Code   RO         5568    .text               c_w.l(_printf_intcommon.o)
    0x08000bcc   0x08000bcc   0x0000041e   Code   RO         5570    .text               c_w.l(_printf_fp_dec.o)
    0x08000fea   0x08000fea   0x00000002   PAD
    0x08000fec   0x08000fec   0x000002fc   Code   RO         5572    .text               c_w.l(_printf_fp_hex.o)
    0x080012e8   0x080012e8   0x0000002c   Code   RO         5577    .text               c_w.l(_printf_char.o)
    0x08001314   0x08001314   0x0000002c   Code   RO         5579    .text               c_w.l(_printf_wchar.o)
    0x08001340   0x08001340   0x00000040   Code   RO         5582    .text               c_w.l(_wcrtomb.o)
    0x08001380   0x08001380   0x0000004a   Code   RO         5584    .text               c_w.l(sys_stackheap_outer.o)
    0x080013ca   0x080013ca   0x00000002   PAD
    0x080013cc   0x080013cc   0x00000010   Code   RO         5586    .text               c_w.l(rt_ctype_table.o)
    0x080013dc   0x080013dc   0x00000008   Code   RO         5591    .text               c_w.l(rt_locale_intlibspace.o)
    0x080013e4   0x080013e4   0x00000080   Code   RO         5593    .text               c_w.l(_printf_fp_infnan.o)
    0x08001464   0x08001464   0x000000e4   Code   RO         5595    .text               c_w.l(bigflt0.o)
    0x08001548   0x08001548   0x00000012   Code   RO         5623    .text               c_w.l(exit.o)
    0x0800155a   0x0800155a   0x00000002   PAD
    0x0800155c   0x0800155c   0x00000008   Code   RO         5636    .text               c_w.l(libspace.o)
    0x08001564   0x08001564   0x00000080   Code   RO         5644    .text               c_w.l(strcmpv7m.o)
    0x080015e4   0x080015e4   0x0000003e   Code   RO         5598    CL$$btod_d2e        c_w.l(btod.o)
    0x08001622   0x08001622   0x00000046   Code   RO         5600    CL$$btod_d2e_denorm_low  c_w.l(btod.o)
    0x08001668   0x08001668   0x00000060   Code   RO         5599    CL$$btod_d2e_norm_op1  c_w.l(btod.o)
    0x080016c8   0x080016c8   0x00000338   Code   RO         5608    CL$$btod_div_common  c_w.l(btod.o)
    0x08001a00   0x08001a00   0x000000dc   Code   RO         5605    CL$$btod_e2e        c_w.l(btod.o)
    0x08001adc   0x08001adc   0x0000002a   Code   RO         5602    CL$$btod_ediv       c_w.l(btod.o)
    0x08001b06   0x08001b06   0x0000002a   Code   RO         5601    CL$$btod_emul       c_w.l(btod.o)
    0x08001b30   0x08001b30   0x00000244   Code   RO         5607    CL$$btod_mult_common  c_w.l(btod.o)
    0x08001d74   0x08001d74   0x0000000c   Code   RO          214    i.BaseComm_Task     freertos.o
    0x08001d80   0x08001d80   0x00000010   Code   RO          215    i.BaseLog_Task      freertos.o
    0x08001d90   0x08001d90   0x0000000c   Code   RO          216    i.BaseMotor_Task    freertos.o
    0x08001d9c   0x08001d9c   0x0000000c   Code   RO          217    i.BaseState_Task    freertos.o
    0x08001da8   0x08001da8   0x00000098   Code   RO         5084    i.Base_AdvanceAutoClean  system_monitor.o
    0x08001e40   0x08001e40   0x00000080   Code   RO         5085    i.Base_AllOutputsOff  system_monitor.o
    0x08001ec0   0x08001ec0   0x00000054   Code   RO         5086    i.Base_ApplyDrain   system_monitor.o
    0x08001f14   0x08001f14   0x00000060   Code   RO         5087    i.Base_ApplyDry     system_monitor.o
    0x08001f74   0x08001f74   0x00000050   Code   RO         5088    i.Base_ApplyHotSpray  system_monitor.o
    0x08001fc4   0x08001fc4   0x0000009c   Code   RO         5089    i.Base_BuildStatusData  system_monitor.o
    0x08002060   0x08002060   0x00000010   Code   RO         5090    i.Base_DryCodeToMs  system_monitor.o
    0x08002070   0x08002070   0x0000001c   Code   RO         5091    i.Base_FinishToStandby  system_monitor.o
    0x0800208c   0x0800208c   0x000000d8   Code   RO         5092    i.Base_HandleCommand  system_monitor.o
    0x08002164   0x08002164   0x0000000c   Code   RO         5093    i.Base_IsBucketCirculationRequested  system_monitor.o
    0x08002170   0x08002170   0x0000000c   Code   RO         5094    i.Base_IsBucketConnected  system_monitor.o
    0x0800217c   0x0800217c   0x00000034   Code   RO         5095    i.Base_SetBucketConnected  system_monitor.o
    0x080021b0   0x080021b0   0x0000000c   Code   RO         5096    i.Base_SetLevelSensorValue  system_monitor.o
    0x080021bc   0x080021bc   0x00000008   Code   RO         5097    i.Base_SetOutput    system_monitor.o
    0x080021c4   0x080021c4   0x0000001c   Code   RO         5098    i.Base_StartTimedAction  system_monitor.o
    0x080021e0   0x080021e0   0x00000002   Code   RO          433    i.BusFault_Handler  stm32f1xx_it.o
    0x080021e2   0x080021e2   0x00000002   PAD
    0x080021e4   0x080021e4   0x00000034   Code   RO         4777    i.ColorLight_Apply  color_light.o
    0x08002218   0x08002218   0x00000008   Code   RO         4778    i.ColorLight_ClampValue  color_light.o
    0x08002220   0x08002220   0x0000001c   Code   RO         4780    i.ColorLight_DutyToPulse  color_light.o
    0x0800223c   0x0800223c   0x00000038   Code   RO         4782    i.ColorLight_Init   color_light.o
    0x08002274   0x08002274   0x0000000c   Code   RO         4783    i.ColorLight_Off    color_light.o
    0x08002280   0x08002280   0x00000038   Code   RO         4786    i.ColorLight_SetRgbw  color_light.o
    0x080022b8   0x080022b8   0x00000040   Code   RO         4787    i.ColorLight_SetTimerChannel  color_light.o
    0x080022f8   0x080022f8   0x0000000c   Code   RO          434    i.DMA1_Channel2_IRQHandler  stm32f1xx_it.o
    0x08002304   0x08002304   0x0000000c   Code   RO          435    i.DMA1_Channel3_IRQHandler  stm32f1xx_it.o
    0x08002310   0x08002310   0x0000000c   Code   RO          436    i.DMA1_Channel4_IRQHandler  stm32f1xx_it.o
    0x0800231c   0x0800231c   0x0000000c   Code   RO          437    i.DMA1_Channel6_IRQHandler  stm32f1xx_it.o
    0x08002328   0x08002328   0x0000000c   Code   RO          438    i.DMA1_Channel7_IRQHandler  stm32f1xx_it.o
    0x08002334   0x08002334   0x0000002a   Code   RO         2021    i.DMA_SetConfig     stm32f1xx_hal_dma.o
    0x0800235e   0x0800235e   0x00000002   Code   RO          439    i.DebugMon_Handler  stm32f1xx_it.o
    0x08002360   0x08002360   0x00000004   Code   RO           13    i.Error_Handler     main.o
    0x08002364   0x08002364   0x00000046   Code   RO         2022    i.HAL_DMA_Abort     stm32f1xx_hal_dma.o
    0x080023aa   0x080023aa   0x00000002   PAD
    0x080023ac   0x080023ac   0x00000098   Code   RO         2023    i.HAL_DMA_Abort_IT  stm32f1xx_hal_dma.o
    0x08002444   0x08002444   0x00000154   Code   RO         2027    i.HAL_DMA_IRQHandler  stm32f1xx_hal_dma.o
    0x08002598   0x08002598   0x0000005c   Code   RO         2028    i.HAL_DMA_Init      stm32f1xx_hal_dma.o
    0x080025f4   0x080025f4   0x00000070   Code   RO         2032    i.HAL_DMA_Start_IT  stm32f1xx_hal_dma.o
    0x08002664   0x08002664   0x000001e0   Code   RO         1958    i.HAL_GPIO_Init     stm32f1xx_hal_gpio.o
    0x08002844   0x08002844   0x0000000a   Code   RO         1960    i.HAL_GPIO_ReadPin  stm32f1xx_hal_gpio.o
    0x0800284e   0x0800284e   0x0000000a   Code   RO         1962    i.HAL_GPIO_WritePin  stm32f1xx_hal_gpio.o
    0x08002858   0x08002858   0x0000000c   Code   RO         1652    i.HAL_GetTick       stm32f1xx_hal.o
    0x08002864   0x08002864   0x00000010   Code   RO         1658    i.HAL_IncTick       stm32f1xx_hal.o
    0x08002874   0x08002874   0x00000024   Code   RO         1659    i.HAL_Init          stm32f1xx_hal.o
    0x08002898   0x08002898   0x00000098   Code   RO          593    i.HAL_InitTick      stm32f1xx_hal_timebase_tim.o
    0x08002930   0x08002930   0x00000048   Code   RO          569    i.HAL_MspInit       stm32f1xx_hal_msp.o
    0x08002978   0x08002978   0x0000001a   Code   RO         2118    i.HAL_NVIC_EnableIRQ  stm32f1xx_hal_cortex.o
    0x08002992   0x08002992   0x00000002   PAD
    0x08002994   0x08002994   0x00000040   Code   RO         2124    i.HAL_NVIC_SetPriority  stm32f1xx_hal_cortex.o
    0x080029d4   0x080029d4   0x00000024   Code   RO         2125    i.HAL_NVIC_SetPriorityGrouping  stm32f1xx_hal_cortex.o
    0x080029f8   0x080029f8   0x0000012c   Code   RO         1816    i.HAL_RCC_ClockConfig  stm32f1xx_hal_rcc.o
    0x08002b24   0x08002b24   0x00000040   Code   RO         1820    i.HAL_RCC_GetClockConfig  stm32f1xx_hal_rcc.o
    0x08002b64   0x08002b64   0x00000020   Code   RO         1823    i.HAL_RCC_GetPCLK1Freq  stm32f1xx_hal_rcc.o
    0x08002b84   0x08002b84   0x00000020   Code   RO         1824    i.HAL_RCC_GetPCLK2Freq  stm32f1xx_hal_rcc.o
    0x08002ba4   0x08002ba4   0x0000004c   Code   RO         1825    i.HAL_RCC_GetSysClockFreq  stm32f1xx_hal_rcc.o
    0x08002bf0   0x08002bf0   0x00000320   Code   RO         1828    i.HAL_RCC_OscConfig  stm32f1xx_hal_rcc.o
    0x08002f10   0x08002f10   0x00000002   Code   RO         1374    i.HAL_TIMEx_BreakCallback  stm32f1xx_hal_tim_ex.o
    0x08002f12   0x08002f12   0x00000002   Code   RO         1375    i.HAL_TIMEx_CommutCallback  stm32f1xx_hal_tim_ex.o
    0x08002f14   0x08002f14   0x00000054   Code   RO         1377    i.HAL_TIMEx_ConfigBreakDeadTime  stm32f1xx_hal_tim_ex.o
    0x08002f68   0x08002f68   0x00000068   Code   RO         1393    i.HAL_TIMEx_MasterConfigSynchronization  stm32f1xx_hal_tim_ex.o
    0x08002fd0   0x08002fd0   0x0000005a   Code   RO          670    i.HAL_TIM_Base_Init  stm32f1xx_hal_tim.o
    0x0800302a   0x0800302a   0x00000002   Code   RO          672    i.HAL_TIM_Base_MspInit  stm32f1xx_hal_tim.o
    0x0800302c   0x0800302c   0x00000058   Code   RO          675    i.HAL_TIM_Base_Start_IT  stm32f1xx_hal_tim.o
    0x08003084   0x08003084   0x00000002   Code   RO          704    i.HAL_TIM_IC_CaptureCallback  stm32f1xx_hal_tim.o
    0x08003086   0x08003086   0x00000130   Code   RO          718    i.HAL_TIM_IRQHandler  stm32f1xx_hal_tim.o
    0x080031b6   0x080031b6   0x00000002   PAD
    0x080031b8   0x080031b8   0x000000c0   Code   RO          314    i.HAL_TIM_MspPostInit  tim.o
    0x08003278   0x08003278   0x00000002   Code   RO          721    i.HAL_TIM_OC_DelayElapsedCallback  stm32f1xx_hal_tim.o
    0x0800327a   0x0800327a   0x000000cc   Code   RO          742    i.HAL_TIM_PWM_ConfigChannel  stm32f1xx_hal_tim.o
    0x08003346   0x08003346   0x0000005a   Code   RO          745    i.HAL_TIM_PWM_Init  stm32f1xx_hal_tim.o
    0x080033a0   0x080033a0   0x0000005c   Code   RO          316    i.HAL_TIM_PWM_MspInit  tim.o
    0x080033fc   0x080033fc   0x00000002   Code   RO          748    i.HAL_TIM_PWM_PulseFinishedCallback  stm32f1xx_hal_tim.o
    0x080033fe   0x080033fe   0x00000002   PAD
    0x08003400   0x08003400   0x0000009c   Code   RO          750    i.HAL_TIM_PWM_Start  stm32f1xx_hal_tim.o
    0x0800349c   0x0800349c   0x0000000e   Code   RO           14    i.HAL_TIM_PeriodElapsedCallback  main.o
    0x080034aa   0x080034aa   0x00000002   Code   RO          761    i.HAL_TIM_TriggerCallback  stm32f1xx_hal_tim.o
    0x080034ac   0x080034ac   0x0000004a   Code   RO         2628    i.HAL_UARTEx_ReceiveToIdle_DMA  stm32f1xx_hal_uart.o
    0x080034f6   0x080034f6   0x00000004   Code   RO          440    i.HAL_UARTEx_RxEventCallback  stm32f1xx_it.o
    0x080034fa   0x080034fa   0x00000012   Code   RO          441    i.HAL_UART_ErrorCallback  stm32f1xx_it.o
    0x0800350c   0x0800350c   0x0000026c   Code   RO         2647    i.HAL_UART_IRQHandler  stm32f1xx_hal_uart.o
    0x08003778   0x08003778   0x00000064   Code   RO         2648    i.HAL_UART_Init     stm32f1xx_hal_uart.o
    0x080037dc   0x080037dc   0x00000264   Code   RO          380    i.HAL_UART_MspInit  usart.o
    0x08003a40   0x08003a40   0x00000002   Code   RO         2654    i.HAL_UART_RxCpltCallback  stm32f1xx_hal_uart.o
    0x08003a42   0x08003a42   0x00000002   Code   RO         2655    i.HAL_UART_RxHalfCpltCallback  stm32f1xx_hal_uart.o
    0x08003a44   0x08003a44   0x00000078   Code   RO         2657    i.HAL_UART_Transmit_DMA  stm32f1xx_hal_uart.o
    0x08003abc   0x08003abc   0x00000012   Code   RO          442    i.HAL_UART_TxCpltCallback  stm32f1xx_it.o
    0x08003ace   0x08003ace   0x00000002   Code   RO         2660    i.HAL_UART_TxHalfCpltCallback  stm32f1xx_hal_uart.o
    0x08003ad0   0x08003ad0   0x00000002   Code   RO          443    i.HardFault_Handler  stm32f1xx_it.o
    0x08003ad2   0x08003ad2   0x00000002   PAD
    0x08003ad4   0x08003ad4   0x00000068   Code   RO         4862    i.Logging_ErrorCallback  log.o
    0x08003b3c   0x08003b3c   0x00000034   Code   RO         4864    i.Logging_Init      log.o
    0x08003b70   0x08003b70   0x0000000e   Code   RO         4865    i.Logging_NextIndex  log.o
    0x08003b7e   0x08003b7e   0x00000036   Code   RO         4866    i.Logging_Print     log.o
    0x08003bb4   0x08003bb4   0x00000048   Code   RO         4867    i.Logging_Printf    log.o
    0x08003bfc   0x08003bfc   0x00000094   Code   RO         4868    i.Logging_StartTxDma  log.o
    0x08003c90   0x08003c90   0x00000078   Code   RO         4869    i.Logging_TaskProcess  log.o
    0x08003d08   0x08003d08   0x00000024   Code   RO         4870    i.Logging_TxCpltCallback  log.o
    0x08003d2c   0x08003d2c   0x00000060   Code   RO         4871    i.Logging_WriteBuffer  log.o
    0x08003d8c   0x08003d8c   0x0000006c   Code   RO          290    i.MX_DMA_Init       dma.o
    0x08003df8   0x08003df8   0x00000068   Code   RO          218    i.MX_FREERTOS_Init  freertos.o
    0x08003e60   0x08003e60   0x000000a8   Code   RO          190    i.MX_GPIO_Init      gpio.o
    0x08003f08   0x08003f08   0x00000088   Code   RO          317    i.MX_TIM1_Init      tim.o
    0x08003f90   0x08003f90   0x00000064   Code   RO          318    i.MX_TIM3_Init      tim.o
    0x08003ff4   0x08003ff4   0x0000006c   Code   RO          319    i.MX_TIM4_Init      tim.o
    0x08004060   0x08004060   0x00000038   Code   RO          381    i.MX_USART1_UART_Init  usart.o
    0x08004098   0x08004098   0x00000038   Code   RO          382    i.MX_USART2_UART_Init  usart.o
    0x080040d0   0x080040d0   0x00000038   Code   RO          383    i.MX_USART3_UART_Init  usart.o
    0x08004108   0x08004108   0x00000002   Code   RO          444    i.MemManage_Handler  stm32f1xx_it.o
    0x0800410a   0x0800410a   0x00000002   PAD
    0x0800410c   0x0800410c   0x00000038   Code   RO         4973    i.Motor_Apply       motor_control.o
    0x08004144   0x08004144   0x0000001a   Code   RO         4975    i.Motor_DutyToPulse  motor_control.o
    0x0800415e   0x0800415e   0x00000002   PAD
    0x08004160   0x08004160   0x00000050   Code   RO         4980    i.Motor_Init        motor_control.o
    0x080041b0   0x080041b0   0x00000034   Code   RO         4982    i.Motor_Run         motor_control.o
    0x080041e4   0x080041e4   0x00000014   Code   RO         4986    i.Motor_Stop        motor_control.o
    0x080041f8   0x080041f8   0x00000014   Code   RO         4987    i.Motor_TaskProcess  motor_control.o
    0x0800420c   0x0800420c   0x00000002   Code   RO          445    i.NMI_Handler       stm32f1xx_it.o
    0x0800420e   0x0800420e   0x0000001a   Code   RO         4129    i.SysTick_Handler   cmsis_os2.o
    0x08004228   0x08004228   0x0000005e   Code   RO           15    i.SystemClock_Config  main.o
    0x08004286   0x08004286   0x00000002   Code   RO         2982    i.SystemInit        system_stm32f1xx.o
    0x08004288   0x08004288   0x00000010   Code   RO         5099    i.SystemMonitor_ClearErrors  system_monitor.o
    0x08004298   0x08004298   0x0000000c   Code   RO         5100    i.SystemMonitor_GetCommand  system_monitor.o
    0x080042a4   0x080042a4   0x00000010   Code   RO         5101    i.SystemMonitor_GetErrCode1  system_monitor.o
    0x080042b4   0x080042b4   0x00000010   Code   RO         5102    i.SystemMonitor_GetErrCode2  system_monitor.o
    0x080042c4   0x080042c4   0x0000000c   Code   RO         5103    i.SystemMonitor_GetLinkStatus  system_monitor.o
    0x080042d0   0x080042d0   0x0000000c   Code   RO         5104    i.SystemMonitor_GetMainStatus  system_monitor.o
    0x080042dc   0x080042dc   0x0000000c   Code   RO         5105    i.SystemMonitor_GetSubStatus  system_monitor.o
    0x080042e8   0x080042e8   0x00000034   Code   RO         5107    i.SystemMonitor_GetTimerRemainingSec  system_monitor.o
    0x0800431c   0x0800431c   0x00000030   Code   RO         5108    i.SystemMonitor_Init  system_monitor.o
    0x0800434c   0x0800434c   0x00000070   Code   RO         5116    i.SystemMonitor_TaskProcess  system_monitor.o
    0x080043bc   0x080043bc   0x0000000c   Code   RO          446    i.TIM2_IRQHandler   stm32f1xx_it.o
    0x080043c8   0x080043c8   0x0000000c   Code   RO          447    i.TIM3_IRQHandler   stm32f1xx_it.o
    0x080043d4   0x080043d4   0x00000078   Code   RO          763    i.TIM_Base_SetConfig  stm32f1xx_hal_tim.o
    0x0800444c   0x0800444c   0x0000001a   Code   RO          764    i.TIM_CCxChannelCmd  stm32f1xx_hal_tim.o
    0x08004466   0x08004466   0x00000032   Code   RO          320    i.TIM_ConfigPwmChannel  tim.o
    0x08004498   0x08004498   0x00000050   Code   RO          776    i.TIM_OC1_SetConfig  stm32f1xx_hal_tim.o
    0x080044e8   0x080044e8   0x00000058   Code   RO          777    i.TIM_OC2_SetConfig  stm32f1xx_hal_tim.o
    0x08004540   0x08004540   0x00000058   Code   RO          778    i.TIM_OC3_SetConfig  stm32f1xx_hal_tim.o
    0x08004598   0x08004598   0x00000044   Code   RO          779    i.TIM_OC4_SetConfig  stm32f1xx_hal_tim.o
    0x080045dc   0x080045dc   0x00000064   Code   RO         5295    i.UART_Comm_BuildStatusFrame  uart_comm.o
    0x08004640   0x08004640   0x0000001a   Code   RO         5296    i.UART_Comm_Checksum  uart_comm.o
    0x0800465a   0x0800465a   0x00000002   PAD
    0x0800465c   0x0800465c   0x00000064   Code   RO         5297    i.UART_Comm_ErrorCallback  uart_comm.o
    0x080046c0   0x080046c0   0x00000080   Code   RO         5298    i.UART_Comm_Init    uart_comm.o
    0x08004740   0x08004740   0x00000026   Code   RO         5300    i.UART_Comm_IsFrameValid  uart_comm.o
    0x08004766   0x08004766   0x00000056   Code   RO         5301    i.UART_Comm_ParserPush  uart_comm.o
    0x080047bc   0x080047bc   0x00000044   Code   RO         5302    i.UART_Comm_ProcessBucketFrame  uart_comm.o
    0x08004800   0x08004800   0x00000028   Code   RO         5303    i.UART_Comm_ProcessBucketRxRange  uart_comm.o
    0x08004828   0x08004828   0x00000046   Code   RO         5304    i.UART_Comm_ProcessDmaRx  uart_comm.o
    0x0800486e   0x0800486e   0x00000002   PAD
    0x08004870   0x08004870   0x00000020   Code   RO         5305    i.UART_Comm_ProcessLevelRxRange  uart_comm.o
    0x08004890   0x08004890   0x00000030   Code   RO         5306    i.UART_Comm_RxEventCallback  uart_comm.o
    0x080048c0   0x080048c0   0x00000038   Code   RO         5307    i.UART_Comm_SendBucketFrame  uart_comm.o
    0x080048f8   0x080048f8   0x00000026   Code   RO         5308    i.UART_Comm_StartReceiveOne  uart_comm.o
    0x0800491e   0x0800491e   0x00000056   Code   RO         5309    i.UART_Comm_StopReceiveOne  uart_comm.o
    0x08004974   0x08004974   0x000000a8   Code   RO         5310    i.UART_Comm_TaskProcess  uart_comm.o
    0x08004a1c   0x08004a1c   0x00000078   Code   RO         5311    i.UART_Comm_TryStartTx  uart_comm.o
    0x08004a94   0x08004a94   0x00000028   Code   RO         5312    i.UART_Comm_TxCpltCallback  uart_comm.o
    0x08004abc   0x08004abc   0x00000010   Code   RO         2661    i.UART_DMAAbortOnError  stm32f1xx_hal_uart.o
    0x08004acc   0x08004acc   0x0000004a   Code   RO         2662    i.UART_DMAError     stm32f1xx_hal_uart.o
    0x08004b16   0x08004b16   0x00000086   Code   RO         2663    i.UART_DMAReceiveCplt  stm32f1xx_hal_uart.o
    0x08004b9c   0x08004b9c   0x0000001e   Code   RO         2665    i.UART_DMARxHalfCplt  stm32f1xx_hal_uart.o
    0x08004bba   0x08004bba   0x00000042   Code   RO         2667    i.UART_DMATransmitCplt  stm32f1xx_hal_uart.o
    0x08004bfc   0x08004bfc   0x0000000a   Code   RO         2669    i.UART_DMATxHalfCplt  stm32f1xx_hal_uart.o
    0x08004c06   0x08004c06   0x0000004e   Code   RO         2671    i.UART_EndRxTransfer  stm32f1xx_hal_uart.o
    0x08004c54   0x08004c54   0x0000001c   Code   RO         2672    i.UART_EndTxTransfer  stm32f1xx_hal_uart.o
    0x08004c70   0x08004c70   0x000000c2   Code   RO         2673    i.UART_Receive_IT   stm32f1xx_hal_uart.o
    0x08004d32   0x08004d32   0x00000002   PAD
    0x08004d34   0x08004d34   0x000000b8   Code   RO         2674    i.UART_SetConfig    stm32f1xx_hal_uart.o
    0x08004dec   0x08004dec   0x00000090   Code   RO         2675    i.UART_Start_Receive_DMA  stm32f1xx_hal_uart.o
    0x08004e7c   0x08004e7c   0x0000000c   Code   RO          448    i.USART1_IRQHandler  stm32f1xx_it.o
    0x08004e88   0x08004e88   0x0000000c   Code   RO          449    i.USART2_IRQHandler  stm32f1xx_it.o
    0x08004e94   0x08004e94   0x0000000c   Code   RO          450    i.USART3_IRQHandler  stm32f1xx_it.o
    0x08004ea0   0x08004ea0   0x00000002   Code   RO          451    i.UsageFault_Handler  stm32f1xx_it.o
    0x08004ea2   0x08004ea2   0x00000028   Code   RO         5634    i.__ARM_fpclassify  m_ws.l(fpclassify.o)
    0x08004eca   0x08004eca   0x00000020   Code   RO         2131    i.__NVIC_SetPriority  stm32f1xx_hal_cortex.o
    0x08004eea   0x08004eea   0x0000000e   Code   RO         5508    i._is_digit         c_w.l(__printf_wp.o)
    0x08004ef8   0x08004ef8   0x00000002   Code   RO         4872    i._sys_exit         log.o
    0x08004efa   0x08004efa   0x00000002   PAD
    0x08004efc   0x08004efc   0x00000048   Code   RO           16    i.main              main.o
    0x08004f44   0x08004f44   0x0000001a   Code   RO         4131    i.osDelay           cmsis_os2.o
    0x08004f5e   0x08004f5e   0x00000002   PAD
    0x08004f60   0x08004f60   0x00000024   Code   RO         4145    i.osKernelInitialize  cmsis_os2.o
    0x08004f84   0x08004f84   0x00000038   Code   RO         4148    i.osKernelStart     cmsis_os2.o
    0x08004fbc   0x08004fbc   0x0000008a   Code   RO         4190    i.osThreadNew       cmsis_os2.o
    0x08005046   0x08005046   0x00000002   PAD
    0x08005048   0x08005048   0x0000005c   Code   RO         3590    i.prvAddCurrentTaskToDelayedList  tasks.o
    0x080050a4   0x080050a4   0x000000d0   Code   RO         3591    i.prvAddNewTaskToReadyList  tasks.o
    0x08005174   0x08005174   0x00000058   Code   RO         3955    i.prvCheckForValidListAndQueue  timers.o
    0x080051cc   0x080051cc   0x00000026   Code   RO         3187    i.prvCopyDataFromQueue  queue.o
    0x080051f2   0x080051f2   0x0000006c   Code   RO         3188    i.prvCopyDataToQueue  queue.o
    0x0800525e   0x0800525e   0x00000034   Code   RO         3592    i.prvDeleteTCB      tasks.o
    0x08005292   0x08005292   0x00000002   PAD
    0x08005294   0x08005294   0x0000004c   Code   RO         4642    i.prvHeapInit       heap_4.o
    0x080052e0   0x080052e0   0x00000060   Code   RO         3593    i.prvIdleTask       tasks.o
    0x08005340   0x08005340   0x00000022   Code   RO         3190    i.prvInitialiseNewQueue  queue.o
    0x08005362   0x08005362   0x00000002   PAD
    0x08005364   0x08005364   0x000000b0   Code   RO         3594    i.prvInitialiseNewTask  tasks.o
    0x08005414   0x08005414   0x0000004c   Code   RO         4643    i.prvInsertBlockIntoFreeList  heap_4.o
    0x08005460   0x08005460   0x00000038   Code   RO         3957    i.prvInsertTimerInActiveList  timers.o
    0x08005498   0x08005498   0x0000001c   Code   RO         3191    i.prvIsQueueEmpty   queue.o
    0x080054b4   0x080054b4   0x000000fc   Code   RO         3958    i.prvProcessReceivedCommands  timers.o
    0x080055b0   0x080055b0   0x000000c0   Code   RO         3959    i.prvProcessTimerOrBlockTask  timers.o
    0x08005670   0x08005670   0x00000020   Code   RO         3596    i.prvResetNextTaskUnblockTime  tasks.o
    0x08005690   0x08005690   0x00000028   Code   RO         3960    i.prvSampleTimeNow  timers.o
    0x080056b8   0x080056b8   0x0000006c   Code   RO         3961    i.prvSwitchTimerLists  timers.o
    0x08005724   0x08005724   0x00000028   Code   RO         4698    i.prvTaskExitError  port.o
    0x0800574c   0x0800574c   0x00000024   Code   RO         3962    i.prvTimerTask      timers.o
    0x08005770   0x08005770   0x0000006a   Code   RO         3192    i.prvUnlockQueue    queue.o
    0x080057da   0x080057da   0x00000002   PAD
    0x080057dc   0x080057dc   0x000000dc   Code   RO         4644    i.pvPortMalloc      heap_4.o
    0x080058b8   0x080058b8   0x00000024   Code   RO         4699    i.pxPortInitialiseStack  port.o
    0x080058dc   0x080058dc   0x00000026   Code   RO         3147    i.uxListRemove      list.o
    0x08005902   0x08005902   0x00000002   PAD
    0x08005904   0x08005904   0x00000014   Code   RO         4202    i.vApplicationGetIdleTaskMemory  cmsis_os2.o
    0x08005918   0x08005918   0x00000018   Code   RO         4203    i.vApplicationGetTimerTaskMemory  cmsis_os2.o
    0x08005930   0x08005930   0x00000016   Code   RO         3148    i.vListInitialise   list.o
    0x08005946   0x08005946   0x00000006   Code   RO         3149    i.vListInitialiseItem  list.o
    0x0800594c   0x0800594c   0x00000030   Code   RO         3150    i.vListInsert       list.o
    0x0800597c   0x0800597c   0x00000018   Code   RO         3151    i.vListInsertEnd    list.o
    0x08005994   0x08005994   0x00000040   Code   RO         4701    i.vPortEnterCritical  port.o
    0x080059d4   0x080059d4   0x00000028   Code   RO         4702    i.vPortExitCritical  port.o
    0x080059fc   0x080059fc   0x00000064   Code   RO         4645    i.vPortFree         heap_4.o
    0x08005a60   0x08005a60   0x00000024   Code   RO         4703    i.vPortSetupTimerInterrupt  port.o
    0x08005a84   0x08005a84   0x00000054   Code   RO         4704    i.vPortValidateInterruptPriority  port.o
    0x08005ad8   0x08005ad8   0x00000028   Code   RO         3198    i.vQueueAddToRegistry  queue.o
    0x08005b00   0x08005b00   0x00000044   Code   RO         3202    i.vQueueWaitForMessageRestricted  queue.o
    0x08005b44   0x08005b44   0x0000004c   Code   RO         3609    i.vTaskDelay        tasks.o
    0x08005b90   0x08005b90   0x00000010   Code   RO         3614    i.vTaskInternalSetTimeOutState  tasks.o
    0x08005ba0   0x08005ba0   0x0000000c   Code   RO         3615    i.vTaskMissedYield  tasks.o
    0x08005bac   0x08005bac   0x00000030   Code   RO         3617    i.vTaskPlaceOnEventList  tasks.o
    0x08005bdc   0x08005bdc   0x00000038   Code   RO         3618    i.vTaskPlaceOnEventListRestricted  tasks.o
    0x08005c14   0x08005c14   0x00000088   Code   RO         3626    i.vTaskStartScheduler  tasks.o
    0x08005c9c   0x08005c9c   0x00000010   Code   RO         3628    i.vTaskSuspendAll   tasks.o
    0x08005cac   0x08005cac   0x00000064   Code   RO         3629    i.vTaskSwitchContext  tasks.o
    0x08005d10   0x08005d10   0x000000a8   Code   RO         4705    i.xPortStartScheduler  port.o
    0x08005db8   0x08005db8   0x0000002c   Code   RO         4706    i.xPortSysTickHandler  port.o
    0x08005de4   0x08005de4   0x00000066   Code   RO         3208    i.xQueueGenericCreateStatic  queue.o
    0x08005e4a   0x08005e4a   0x00000002   PAD
    0x08005e4c   0x08005e4c   0x00000088   Code   RO         3209    i.xQueueGenericReset  queue.o
    0x08005ed4   0x08005ed4   0x00000160   Code   RO         3210    i.xQueueGenericSend  queue.o
    0x08006034   0x08006034   0x000000be   Code   RO         3211    i.xQueueGenericSendFromISR  queue.o
    0x080060f2   0x080060f2   0x00000002   PAD
    0x080060f4   0x080060f4   0x00000138   Code   RO         3220    i.xQueueReceive     queue.o
    0x0800622c   0x0800622c   0x00000074   Code   RO         3631    i.xTaskCheckForTimeOut  tasks.o
    0x080062a0   0x080062a0   0x0000005a   Code   RO         3632    i.xTaskCreate       tasks.o
    0x080062fa   0x080062fa   0x00000056   Code   RO         3633    i.xTaskCreateStatic  tasks.o
    0x08006350   0x08006350   0x0000001c   Code   RO         3637    i.xTaskGetSchedulerState  tasks.o
    0x0800636c   0x0800636c   0x0000000c   Code   RO         3638    i.xTaskGetTickCount  tasks.o
    0x08006378   0x08006378   0x000000c8   Code   RO         3640    i.xTaskIncrementTick  tasks.o
    0x08006440   0x08006440   0x00000080   Code   RO         3643    i.xTaskPriorityDisinherit  tasks.o
    0x080064c0   0x080064c0   0x00000070   Code   RO         3645    i.xTaskRemoveFromEventList  tasks.o
    0x08006530   0x08006530   0x000000c4   Code   RO         3646    i.xTaskResumeAll    tasks.o
    0x080065f4   0x080065f4   0x00000060   Code   RO         3971    i.xTimerCreateTimerTask  timers.o
    0x08006654   0x08006654   0x00000068   Code   RO         3972    i.xTimerGenericCommand  timers.o
    0x080066bc   0x080066bc   0x0000002c   Code   RO         5621    locale$$code        c_w.l(lc_numeric_c.o)
    0x080066e8   0x080066e8   0x0000002c   Code   RO         5642    locale$$code        c_w.l(lc_ctype_c.o)
    0x08006714   0x08006714   0x00000004   Code   RO         5543    x$fpl$printf1       fz_ws.l(printf1.o)
    0x08006718   0x08006718   0x00000004   Code   RO         5545    x$fpl$printf2       fz_ws.l(printf2.o)
    0x0800671c   0x0800671c   0x00000000   Code   RO         5633    x$fpl$usenofp       fz_ws.l(usenofp.o)
    0x0800671c   0x0800671c   0x00000090   Data   RO          219    .constdata          freertos.o
    0x080067ac   0x080067ac   0x00000012   Data   RO         1829    .constdata          stm32f1xx_hal_rcc.o
    0x080067be   0x080067be   0x00000010   Data   RO         2983    .constdata          system_stm32f1xx.o
    0x080067ce   0x080067ce   0x00000008   Data   RO         2984    .constdata          system_stm32f1xx.o
    0x080067d6   0x080067d6   0x00000002   PAD
    0x080067d8   0x080067d8   0x00000008   Data   RO         5467    .constdata          c_w.l(_printf_wctomb.o)
    0x080067e0   0x080067e0   0x00000028   Data   RO         5496    .constdata          c_w.l(_printf_hex_int_ll_ptr.o)
    0x08006808   0x08006808   0x00000011   Data   RO         5516    .constdata          c_w.l(__printf_flags_ss_wp.o)
    0x08006819   0x08006819   0x00000026   Data   RO         5573    .constdata          c_w.l(_printf_fp_hex.o)
    0x0800683f   0x0800683f   0x00000001   PAD
    0x08006840   0x08006840   0x00000094   Data   RO         5596    .constdata          c_w.l(bigflt0.o)
    0x080068d4   0x080068d4   0x0000002a   Data   RO          220    .conststring        freertos.o
    0x080068fe   0x080068fe   0x00000002   PAD
    0x08006900   0x08006900   0x00000020   Data   RO         5764    Region$$Table       anon$$obj.o
    0x08006920   0x08006920   0x0000001c   Data   RO         5620    locale$$data        c_w.l(lc_numeric_c.o)
    0x0800693c   0x0800693c   0x00000110   Data   RO         5641    locale$$data        c_w.l(lc_ctype_c.o)


    Execution Region RW_IRAM1 (Exec base: 0x20000000, Load base: 0x08006a4c, Size: 0x00004340, Max: 0x00005000, ABSOLUTE)

    Exec Addr    Load Addr    Size         Type   Attr      Idx    E Section Name        Object

    0x20000000   0x08006a4c   0x00000010   Data   RW          221    .data               freertos.o
    0x20000010   0x08006a5c   0x0000000c   Data   RW         1666    .data               stm32f1xx_hal.o
    0x2000001c   0x08006a68   0x00000004   Data   RW         2985    .data               system_stm32f1xx.o
    0x20000020   0x08006a6c   0x0000003c   Data   RW         3649    .data               tasks.o
    0x2000005c   0x08006aa8   0x00000014   Data   RW         3980    .data               timers.o
    0x20000070   0x08006abc   0x00000004   Data   RW         4205    .data               cmsis_os2.o
    0x20000074   0x08006ac0   0x00000020   Data   RW         4651    .data               heap_4.o
    0x20000094   0x08006ae0   0x0000000c   Data   RW         4707    .data               port.o
    0x200000a0   0x08006aec   0x00000005   Data   RW         4788    .data               color_light.o
    0x200000a5   0x08006af1   0x00000001   PAD
    0x200000a6   0x08006af2   0x00000006   Data   RW         4875    .data               log.o
    0x200000ac   0x08006af8   0x00000005   Data   RW         4988    .data               motor_control.o
    0x200000b1   0x08006afd   0x00000003   PAD
    0x200000b4   0x08006b00   0x00000018   Data   RW         5117    .data               system_monitor.o
    0x200000cc   0x08006b18   0x00000010   Data   RW         5315    .data               uart_comm.o
    0x200000dc        -       0x000000d8   Zero   RW          321    .bss                tim.o
    0x200001b4        -       0x0000022c   Zero   RW          384    .bss                usart.o
    0x200003e0        -       0x00000048   Zero   RW          596    .bss                stm32f1xx_hal_timebase_tim.o
    0x20000428        -       0x00000040   Zero   RW         3224    .bss                queue.o
    0x20000468        -       0x000004c4   Zero   RW         3648    .bss                tasks.o
    0x2000092c        -       0x00000118   Zero   RW         3979    .bss                timers.o
    0x20000a44        -       0x000006b8   Zero   RW         4204    .bss                cmsis_os2.o
    0x200010fc        -       0x00002800   Zero   RW         4650    .bss                heap_4.o
    0x200038fc        -       0x00000240   Zero   RW         4874    .bss                log.o
    0x20003b3c        -       0x000001a2   Zero   RW         5314    .bss                uart_comm.o
    0x20003cde   0x08006b28   0x00000002   PAD
    0x20003ce0        -       0x00000060   Zero   RW         5637    .bss                c_w.l(libspace.o)
    0x20003d40        -       0x00000200   Zero   RW            2    HEAP                startup_stm32f103xb.o
    0x20003f40        -       0x00000400   Zero   RW            1    STACK               startup_stm32f103xb.o


==============================================================================

Image component sizes


      Code (inc. data)   RO Data    RW Data    ZI Data      Debug   Object Name

       326         22          0          4       1720      58463   cmsis_os2.o
       276         28          0          5          0       4256   color_light.o
       108          4          0          0          0        770   dma.o
         0          0          0          0          0      19548   event_groups.o
       156         24        186         16          0       3452   freertos.o
       168         12          0          0          0        939   gpio.o
       472         24          0         32      10240       4691   heap_4.o
       138          0          0          0          0       3318   list.o
       698        130          0          6        576      12741   log.o
       184          4          0          0          0     439200   main.o
       254         38          0          5          0       4370   motor_control.o
       662         70          0         12          0      10589   port.o
      1514         20          0          0         64      16876   queue.o
        64         26        236          0       1536        800   startup_stm32f103xb.o
        64         14          0         12          0       4566   stm32f1xx_hal.o
       158         14          0          0          0      28118   stm32f1xx_hal_cortex.o
       808         36          0          0          0       4902   stm32f1xx_hal_dma.o
       500         34          0          0          0       3471   stm32f1xx_hal_gpio.o
        72         10          0          0          0        846   stm32f1xx_hal_msp.o
      1304         94         18          0          0       5653   stm32f1xx_hal_rcc.o
      1412         56          0          0          0      12715   stm32f1xx_hal_tim.o
       192         12          0          0          0       3129   stm32f1xx_hal_tim_ex.o
       152         18          0          0         72       1443   stm32f1xx_hal_timebase_tim.o
      1878         38          0          0          0      13412   stm32f1xx_hal_uart.o
       172         60          0          0          0       9062   stm32f1xx_it.o
         0          0          0          0          0        392   stream_buffer.o
      1388        208          0         24          0      40275   system_monitor.o
         2          0         24          4          0       1083   system_stm32f1xx.o
      2084        168          0         60       1220      25868   tasks.o
       678         72          0          0        216       4109   tim.o
       972         80          0         20        280      31831   timers.o
      1244        130          0         16        418      12301   uart_comm.o
       780         62          0          0        556       3391   usart.o

    ----------------------------------------------------------------------
     18922       1508        500        220      16900     786580   Object Totals
         0          0         32          0          0          0   (incl. Generated)
        42          0          4          4          2          0   (incl. Padding)

    ----------------------------------------------------------------------

      Code (inc. data)   RO Data    RW Data    ZI Data      Debug   Library Member Name

         8          0          0          0          0         68   __main.o
       392          4         17          0          0         92   __printf_flags_ss_wp.o
        14          0          0          0          0         68   __printf_wp.o
         0          0          0          0          0          0   __rtentry.o
        12          0          0          0          0          0   __rtentry2.o
         6          0          0          0          0          0   __rtentry4.o
        52          8          0          0          0          0   __scatter.o
        26          0          0          0          0          0   __scatter_copy.o
        28          0          0          0          0          0   __scatter_zi.o
         6          0          0          0          0          0   _printf_a.o
         6          0          0          0          0          0   _printf_c.o
        44          0          0          0          0        108   _printf_char.o
        48          6          0          0          0         96   _printf_char_common.o
        40          0          0          0          0         68   _printf_charcount.o
         6          0          0          0          0          0   _printf_d.o
       120         16          0          0          0         92   _printf_dec.o
         6          0          0          0          0          0   _printf_e.o
         6          0          0          0          0          0   _printf_f.o
      1054          0          0          0          0        216   _printf_fp_dec.o
       764          8         38          0          0        100   _printf_fp_hex.o
       128         16          0          0          0         84   _printf_fp_infnan.o
         6          0          0          0          0          0   _printf_g.o
       148          4         40          0          0        160   _printf_hex_int_ll_ptr.o
         6          0          0          0          0          0   _printf_i.o
       178          0          0          0          0         88   _printf_intcommon.o
        10          0          0          0          0          0   _printf_l.o
         6          0          0          0          0          0   _printf_lc.o
        10          0          0          0          0          0   _printf_ll.o
         6          0          0          0          0          0   _printf_lld.o
         6          0          0          0          0          0   _printf_lli.o
         6          0          0          0          0          0   _printf_llo.o
         6          0          0          0          0          0   _printf_llu.o
         6          0          0          0          0          0   _printf_llx.o
       124         16          0          0          0         92   _printf_longlong_dec.o
         6          0          0          0          0          0   _printf_ls.o
         6          0          0          0          0          0   _printf_n.o
         6          0          0          0          0          0   _printf_o.o
       112         10          0          0          0        124   _printf_oct_int_ll.o
         6          0          0          0          0          0   _printf_p.o
        78          0          0          0          0        108   _printf_pad.o
         0          0          0          0          0          0   _printf_percent.o
         4          0          0          0          0          0   _printf_percent_end.o
         6          0          0          0          0          0   _printf_s.o
        82          0          0          0          0         80   _printf_str.o
        36          0          0          0          0         84   _printf_truncate.o
         6          0          0          0          0          0   _printf_u.o
        44          0          0          0          0        108   _printf_wchar.o
       188          6          8          0          0         92   _printf_wctomb.o
         6          0          0          0          0          0   _printf_x.o
        16          0          0          0          0         68   _snputc.o
        10          0          0          0          0         68   _sputc.o
        64          0          0          0          0         92   _wcrtomb.o
        16          0          0          0          0         68   aeabi_memset.o
       228          4        148          0          0         96   bigflt0.o
      1936        128          0          0          0        672   btod.o
        18          0          0          0          0         80   exit.o
         6          0          0          0          0        152   heapauxi.o
        44         10        272          0          0         76   lc_ctype_c.o
        44         10         28          0          0         76   lc_numeric_c.o
         2          0          0          0          0          0   libinit.o
        30          0          0          0          0          0   libinit2.o
         2          0          0          0          0          0   libshutdown.o
         2          0          0          0          0          0   libshutdown2.o
         8          4          0          0         96         68   libspace.o
       138          0          0          0          0         80   lludiv10.o
        16          4          0          0          0         76   rt_ctype_table.o
         8          4          0          0          0         68   rt_locale_intlibspace.o
        68          0          0          0          0         68   rt_memclr.o
        78          0          0          0          0         80   rt_memclr_w.o
       138          0          0          0          0         68   rt_memcpy_v6.o
       100          0          0          0          0         80   rt_memcpy_w.o
         2          0          0          0          0          0   rtexit.o
        10          0          0          0          0          0   rtexit2.o
       128          0          0          0          0         68   strcmpv7m.o
        62          0          0          0          0         76   strlen.o
        74          0          0          0          0         80   sys_stackheap_outer.o
         2          0          0          0          0         68   use_no_semi.o
         2          0          0          0          0         68   use_no_semi_2.o
        52          4          0          0          0         80   vsnprintf.o
         4          0          0          0          0         68   printf1.o
         4          0          0          0          0         68   printf2.o
         0          0          0          0          0          0   usenofp.o
        40          0          0          0          0         68   fpclassify.o

    ----------------------------------------------------------------------
      7238        262        552          0         96       4608   Library Totals
        16          0          1          0          0          0   (incl. Padding)

    ----------------------------------------------------------------------

      Code (inc. data)   RO Data    RW Data    ZI Data      Debug   Library Name

      7174        262        551          0         96       4404   c_w.l
         8          0          0          0          0        136   fz_ws.l
        40          0          0          0          0         68   m_ws.l

    ----------------------------------------------------------------------
      7238        262        552          0         96       4608   Library Totals

    ----------------------------------------------------------------------

==============================================================================


      Code (inc. data)   RO Data    RW Data    ZI Data      Debug   

     26160       1770       1052        220      16996     776468   Grand Totals
     26160       1770       1052        220      16996     776468   ELF Image Totals
     26160       1770       1052        220          0          0   ROM Totals

==============================================================================

    Total RO  Size (Code + RO Data)                27212 (  26.57kB)
    Total RW  Size (RW Data + ZI Data)             17216 (  16.81kB)
    Total ROM Size (Code + RO Data + RW Data)      27432 (  26.79kB)

==============================================================================

