*** Using Compiler 'V5.06 update 6 (build 750)', folder: 'C:\Keil_v5\ARM\ARMCC\Bin'
Rebuild target 'Foot_bath_robot1'
assembling startup_stm32f103xb.s...
compiling stm32f1xx_hal_msp.c...
compiling gpio.c...
compiling stm32f1xx_hal_timebase_tim.c...
compiling stm32f1xx_hal_gpio_ex.c...
compiling tim.c...
compiling main.c...
compiling stm32f1xx_it.c...
compiling dma.c...
compiling usart.c...
compiling freertos.c...
compiling stm32f1xx_hal_tim.c...
compiling stm32f1xx_hal_exti.c...
compiling stm32f1xx_hal_cortex.c...
compiling stm32f1xx_hal.c...
compiling croutine.c...
compiling stm32f1xx_hal_flash_ex.c...
compiling list.c...
compiling event_groups.c...
compiling stm32f1xx_hal_dma.c...
compiling stm32f1xx_hal_pwr.c...
compiling stream_buffer.c...
compiling queue.c...
compiling timers.c...
compiling tasks.c...
compiling heap_4.c...
compiling stm32f1xx_hal_tim_ex.c...
compiling port.c...
compiling stm32f1xx_hal_gpio.c...
compiling stm32f1xx_hal_flash.c...
compiling stm32f1xx_hal_rcc_ex.c...
compiling stm32f1xx_hal_rcc.c...
compiling system_stm32f1xx.c...
compiling stm32f1xx_hal_uart.c...
compiling color_light.c...
compiling motor_control.c...
compiling log.c...
compiling uart_comm.c...
compiling system_monitor.c...
compiling cmsis_os2.c...
linking...
Program Size: Code=26160 RO-data=1052 RW-data=220 ZI-data=16996  
FromELF: creating hex file...
"Foot_bath_robot1\Foot_bath_robot1.axf" - 0 Error(s), 0 Warning(s).
Build Time Elapsed:  00:00:18
